status: 200
content-type: application/json
keys:
  adaptiveContentEnabled
  adaptivePathsEnabled
  aiTutorEnabled
  annotationsEnabled
  archived
  attendanceEnabled
  calendarEnabled
  canvasGradeSyncEnabled
  collabDocsEnabled
  courseCode
  courseHomeLanding
  courseMode
  courseType
  createdAt
  description
  diagnosticAssessmentsEnabled
  discussionsEnabled
  endsAt
  feedEnabled
  feedbackMediaEnabled
  filesEnabled
  gradingScale
  groupSpacesEnabled
  heroImageObjectPosition
  heroImageUrl
  hiddenAt
  hintScaffoldingEnabled
  id
  interactiveQuizzesEnabled
  isBlueprint
  liveSessionsEnabled
  lockdownModeEnabled
  markdownThemeCustom
  markdownThemePreset
  misconceptionDetectionEnabled
  moduleGatingEnabled
  modulesAiAssistantEnabled
  multilingualMessagingEnabled
  notebookEnabled
  officeHoursEnabled
  openEnrollment
  orgId
  published
  questionBankEnabled
  relativeEndAfter
  relativeHiddenAfter
  relativeScheduleAnchorAt
  reportCardsEnabled
  requireCaptions
  resubmissionWorkflowEnabled
  sbgAggregationRule
  sbgEnabled
  sbgProficiencyScaleJson
  scheduleMode
  screenShareEnabled
  sectionsEnabled
  srsEnabled
  standardsAlignmentEnabled
  startsAt
  title
  updatedAt
  viewerEnrollmentRoles
  viewerEnrollmentRoles[*]
  visibleFrom
  visualBoardsEnabled
  whiteboardEnabled
