status: 200
content-type: application/json
keys:
  accommodationsEngineEnabled
  adaptiveLearnerModelEnabled
  adminAuditLogEnabled
  adminConsoleEnabled
  adminSearchEnabled
  aiConfigured
  aiDisclosureEnabled
  aiProviderAbstractionEnabled
  aiProvidersConfigured
  aiProvidersConfigured[*]
  aiStudyBuddyEnabled
  altTextEnforcementEnabled
  atRiskAlertsEnabled
  autoCaptioningEnabled
  avScanningEnabled
  badgesDefaultPublic
  bulkCsvImportEnabled
  codeExecutionEnabled
  customFieldsEnabled
  diagnosticAssessmentsEnabled
  dpaPortalEnabled
  emailTemplateEditorEnabled
  engagementTrackingEnabled
  equationEditorEnabled
  ferpaWorkflowEnabled
  ffAcademicCalendar
  ffAccessibilityIntake
  ffAccommodationsEngine
  ffAdvisingIntegration
  ffAiStudyBuddy
  ffAltTextEnforcement
  ffApiTokens
  ffBoardsExternalSharing
  ffBoardsRealtime
  ffBookstoreIntegration
  ffBotDiscord
  ffBotSlack
  ffBotTeams
  ffBroadcasts
  ffCalendarFeeds
  ffCatalogIntegration
  ffCeuTracking
  ffClassroomSignals
  ffCoCurricularTranscript
  ffCompetencyBadges
  ffCompletionCredentials
  ffConditionalRelease
  ffConferenceScheduling
  ffConsortiumSharing
  ffContentFilterIntegration
  ffContentToolMarketplace
  ffCourseEvaluations
  ffCourseMarketplace
  ffCourseReviews
  ffDemographics
  ffDiplomas
  ffEmailSes
  ffEnrollmentStateMachine
  ffEportfolio
  ffFeedback
  ffGamification
  ffGradeCurving
  ffGradeSubmission
  ffHighContrastReducedMotion
  ffIncompleteGradeWorkflow
  ffInteractiveQuizzes
  ffIqAiGeneration
  ffIqGradebookPush
  ffIqGuestJoin
  ffIqHomework
  ffIqLiveHosting
  ffIqPublicKitCatalog
  ffIqStudentPaced
  ffIqTeamMode
  ffLearningPaths
  ffLessonGenerator
  ffLibrary
  ffLibraryIntegration
  ffMobileAdminConsole
  ffMobileBoardsAdvanced
  ffMobileCanvasImport
  ffMobileContentTools
  ffMobileCourseCreateV2
  ffMobileCreateCourse
  ffMobileEnrollmentAdd
  ffMobileInAppBrowser
  ffMobileLiveQuiz
  ffMobileMarketplacePurchase
  ffMobileWhiteboardEdit
  ffMotionControls
  ffMotionDelight
  ffMotionLists
  ffMotionNavigation
  ffMotionOverlays
  ffMotionReveal
  ffOnboardingFlow
  ffParentPortal
  ffParentPortalV2
  ffPaymentsEnabled
  ffPeerReview
  ffPersistentTutor
  ffPinnedSettings
  ffPlagiarismChecks
  ffProctoringIntegration
  ffPublicApi
  ffPublicCatalog
  ffReadAloud
  ffReadingPreferences
  ffReportCards
  ffResearchConsent
  ffRevenueShare
  ffSelfPacedMode
  ffSisIntegration
  ffStripeBilling
  ffStudyReminders
  ffTaxCollection
  ffTranscriptInbound
  ffTranscripts
  ffUiMode
  ffVisualBoards
  ffWebhooks
  ffWhatifGrades
  ffZapierConnector
  gdprModuleEnabled
  graderAgentCancelRunEnabled
  graderAgentCostEstimateEnabled
  graderAgentEnabled
  graderAgentReviewInboxEnabled
  graderAgentRunFiltersEnabled
  graderAgentSuggestModeEnabled
  graderAgentTextEntryGradingEnabled
  graderAgentVisionGradingEnabled
  h5pEnabled
  impersonationEnabled
  instructorInsightsEnabled
  introCourseEnabled
  irtCatModeEnabled
  itemAnalysisEnabled
  learnerModelEmaAlpha
  learnerProfileEnabled
  lrsAnonymizeActors
  maintenanceBannerEnabled
  mobileLinkHandling
  oerLibraryEnabled
  openRouterConfigured
  outcomesReportEnabled
  ragNotebookEnabled
  readAloudEnabled
  readingLevelEnabled
  rtlEnabled
  scormIngestionEnabled
  screenShareEnabled
  seatManagementEnabled
  selfReflectionEnabled
  sessionManagementUiEnabled
  soc2ModuleEnabled
  speechToTextEnabled
  srsPracticeEnabled
  storageQuotasEnabled
  studentProgressEnabled
  translationMemoryEnabled
  videoCaptionsEnabled
  virtualClassroomEnabled
  xapiEmissionEnabled
