status: 200
content-type: application/json
keys:
  adaptiveDeliveryMode
  adaptiveDifficulty
  adaptiveQuestionCount
  adaptiveStopRule
  adaptiveTopicBalance
  allowBackNavigation
  availableFrom
  availableUntil
  dueAt
  gradeAttemptPolicy
  hintScaffoldingEnabled
  isAdaptive
  itemId
  latePenaltyPercent
  lateSubmissionPolicy
  lockdownMode
  markdown
  maxAttempts
  misconceptionDetectionEnabled
  neverDrop
  oneQuestionAtATime
  passingScorePercent
  perQuestionTimeLimitSeconds
  pointsWorth
  questions
  randomQuestionPoolCount
  replaceWithFinal
  requiresQuizAccessCode
  reviewVisibility
  reviewWhen
  showScoreTiming
  shuffleChoices
  shuffleQuestions
  timeLimitMinutes
  timerPauseWhenTabHidden
  title
  unlimitedAttempts
  updatedAt
  usesServerQuestionSampling
