GET	/.well-known/caldav	anonymous
GET	/.well-known/content-filter-allowlist.json	anonymous
GET	/.well-known/did.json	anonymous
GET	/.well-known/jwks.json	anonymous
GET	/achievements/badge/{definitionId}	anonymous
GET	/api/docs	anonymous
GET	/api/openapi.json	anonymous
GET	/api/unsubscribe	anonymous
GET	/api/v1/accessibility/profiles	anonymous
POST	/api/v1/accessibility/profiles	anonymous
GET	/api/v1/accessibility/profiles/{id}	anonymous
PATCH	/api/v1/accessibility/profiles/{id}	anonymous
POST	/api/v1/accessibility/profiles/{id}/notify-instructors	anonymous
GET	/api/v1/accommodations/users	session
GET	/api/v1/admin-console/audit-log	anonymous
GET	/api/v1/admin-console/courses	anonymous
PATCH	/api/v1/admin-console/courses/{courseId}	anonymous
PATCH	/api/v1/admin-console/courses/{courseId}/status	anonymous
GET	/api/v1/admin-console/custom-fields	anonymous
POST	/api/v1/admin-console/custom-fields	anonymous
PUT	/api/v1/admin-console/custom-fields/reorder	anonymous
DELETE	/api/v1/admin-console/custom-fields/{fieldId}	anonymous
PUT	/api/v1/admin-console/custom-fields/{fieldId}	anonymous
POST	/api/v1/admin-console/delegate	anonymous
GET	/api/v1/admin-console/email-templates	anonymous
GET	/api/v1/admin-console/email-templates/{slotId}	anonymous
PUT	/api/v1/admin-console/email-templates/{slotId}	anonymous
GET	/api/v1/admin-console/email-templates/{slotId}/history	anonymous
POST	/api/v1/admin-console/email-templates/{slotId}/preview	anonymous
POST	/api/v1/admin-console/email-templates/{slotId}/reset	anonymous
POST	/api/v1/admin-console/email-templates/{slotId}/restore	anonymous
POST	/api/v1/admin-console/email-templates/{slotId}/test	anonymous
PATCH	/api/v1/admin-console/enrollments/{enrollmentId}	anonymous
POST	/api/v1/admin-console/impersonate	anonymous
GET	/api/v1/admin-console/impersonate/log	anonymous
DELETE	/api/v1/admin-console/impersonate/session	anonymous
GET	/api/v1/admin-console/imports	anonymous
POST	/api/v1/admin-console/imports	anonymous
GET	/api/v1/admin-console/imports/{jobId}	anonymous
GET	/api/v1/admin-console/imports/{jobId}/result	anonymous
GET	/api/v1/admin-console/integrations	anonymous
GET	/api/v1/admin-console/license	anonymous
GET	/api/v1/admin-console/overview	anonymous
GET	/api/v1/admin-console/settings	anonymous
PUT	/api/v1/admin-console/settings	anonymous
GET	/api/v1/admin-console/users	anonymous
GET	/api/v1/admin-console/users/export.csv	anonymous
GET	/api/v1/admin-console/users/{userId}	anonymous
PATCH	/api/v1/admin-console/users/{userId}	anonymous
GET	/api/v1/admin/accommodations/audit	anonymous
POST	/api/v1/admin/accommodations/import	anonymous
GET	/api/v1/admin/adaptive-content	session
PATCH	/api/v1/admin/adaptive-content	session
GET	/api/v1/admin/adaptive-content/fairness	session
POST	/api/v1/admin/adaptive-content/fairness/refresh	session
POST	/api/v1/admin/adaptive-content/kill-switch	session
GET	/api/v1/admin/adaptive-content/oversight	session
POST	/api/v1/admin/adaptive-content/quarantine	session
GET	/api/v1/admin/adaptive-content/report	session
GET	/api/v1/admin/adaptive-content/report/export	session
GET	/api/v1/admin/advising/config	anonymous
POST	/api/v1/admin/advising/config	anonymous
POST	/api/v1/admin/advising/links	anonymous
GET	/api/v1/admin/ai-config	anonymous
PUT	/api/v1/admin/ai-config	anonymous
GET	/api/v1/admin/ai-settings	anonymous
PUT	/api/v1/admin/ai-settings	anonymous
POST	/api/v1/admin/ai-settings/test	anonymous
GET	/api/v1/admin/at-risk/config	session
PUT	/api/v1/admin/at-risk/config	session
POST	/api/v1/admin/at-risk/run	session
POST	/api/v1/admin/av-scan/bulk	session
GET	/api/v1/admin/banners	anonymous
POST	/api/v1/admin/banners	anonymous
POST	/api/v1/admin/banners/statuspage-webhook	anonymous
DELETE	/api/v1/admin/banners/{id}	anonymous
PUT	/api/v1/admin/banners/{id}	anonymous
GET	/api/v1/admin/boards/overview	session
GET	/api/v1/admin/boards/policies	session
PATCH	/api/v1/admin/boards/policies	session
GET	/api/v1/admin/bookstore/config	anonymous
POST	/api/v1/admin/bookstore/config	anonymous
GET	/api/v1/admin/captions/compliance	session
POST	/api/v1/admin/catalog/sync	anonymous
GET	/api/v1/admin/catalog/sync-status	anonymous
GET	/api/v1/admin/cloud-providers	session
PUT	/api/v1/admin/cloud-providers/{provider}	session
GET	/api/v1/admin/consent-studies	anonymous
POST	/api/v1/admin/consent-studies	anonymous
GET	/api/v1/admin/consent-studies/{id}	anonymous
PATCH	/api/v1/admin/consent-studies/{id}	anonymous
GET	/api/v1/admin/consent-studies/{id}/export	anonymous
GET	/api/v1/admin/consent-studies/{id}/records	anonymous
GET	/api/v1/admin/consortium/agreements	anonymous
POST	/api/v1/admin/consortium/agreements	anonymous
PATCH	/api/v1/admin/consortium/agreements/{id}	anonymous
GET	/api/v1/admin/consortium/enrollment-report	anonymous
POST	/api/v1/admin/content-tools/kill	session
GET	/api/v1/admin/content-tools/kills	session
POST	/api/v1/admin/content-tools/migrations	session
GET	/api/v1/admin/content-tools/migrations/{job_id}	session
GET	/api/v1/admin/content-tools/quarantine	session
GET	/api/v1/admin/content-tools/telemetry	session
GET	/api/v1/admin/content-tools/versions	session
PATCH	/api/v1/admin/content-tools/versions/{tool_id}/{version}	session
GET	/api/v1/admin/courses	session
GET	/api/v1/admin/courses/stats	session
POST	/api/v1/admin/courses/{courseId}/access	session
GET	/api/v1/admin/courses/{courseId}/report	session
POST	/api/v1/admin/courses/{course_code}/ceu-config	session
POST	/api/v1/admin/courses/{course_code}/evaluation-windows	anonymous
GET	/api/v1/admin/credentials/batches/{id}	anonymous
POST	/api/v1/admin/credentials/issue	anonymous
POST	/api/v1/admin/credentials/issue/batch	anonymous
GET	/api/v1/admin/credentials/templates	anonymous
POST	/api/v1/admin/credentials/templates	anonymous
PUT	/api/v1/admin/credentials/templates/{id}	anonymous
POST	/api/v1/admin/credentials/{id}/revoke	anonymous
POST	/api/v1/admin/credentials/{id}/unrevoke	anonymous
GET	/api/v1/admin/drm/anomalies	session
GET	/api/v1/admin/evaluation-templates	anonymous
POST	/api/v1/admin/evaluation-templates	anonymous
DELETE	/api/v1/admin/evaluation-templates/{template_id}	anonymous
GET	/api/v1/admin/evaluation-templates/{template_id}	anonymous
PATCH	/api/v1/admin/evaluation-templates/{template_id}	anonymous
GET	/api/v1/admin/evaluations/report	anonymous
GET	/api/v1/admin/feedback	session
GET	/api/v1/admin/feedback/{id}	session
PATCH	/api/v1/admin/feedback/{id}	session
PUT	/api/v1/admin/files/{object_id}/drm	session
POST	/api/v1/admin/files/{object_id}/retranscode	session
GET	/api/v1/admin/final-grades/status	anonymous
GET	/api/v1/admin/incompletes	anonymous
GET	/api/v1/admin/interactive-quizzes/analytics	session
GET	/api/v1/admin/interactive-quizzes/games	session
POST	/api/v1/admin/interactive-quizzes/games/{game_id}/force-end	session
POST	/api/v1/admin/interactive-quizzes/kits/bulk-archive	session
GET	/api/v1/admin/interactive-quizzes/review-queue	session
POST	/api/v1/admin/interactive-quizzes/review-queue/{id}/{action}	session
GET	/api/v1/admin/intro-course	session
GET	/api/v1/admin/intro-course/analytics	session
GET	/api/v1/admin/intro-course/backfill	session
POST	/api/v1/admin/intro-course/backfill	session
POST	/api/v1/admin/intro-course/resync	session
GET	/api/v1/admin/jobs	session
GET	/api/v1/admin/jobs/dead-letters	session
POST	/api/v1/admin/jobs/dead-letters/{id}/redrive	session
POST	/api/v1/admin/jobs/irt-calibrate	session
DELETE	/api/v1/admin/jobs/{id}	session
GET	/api/v1/admin/library/config	anonymous
POST	/api/v1/admin/library/config	anonymous
GET	/api/v1/admin/licenses	anonymous
PATCH	/api/v1/admin/licenses/{orgId}	anonymous
POST	/api/v1/admin/licenses/{orgId}/resync	anonymous
GET	/api/v1/admin/lrs-config	anonymous
POST	/api/v1/admin/lrs-config	anonymous
PUT	/api/v1/admin/lrs-config/{id}	anonymous
POST	/api/v1/admin/lrs-config/{id}/test	anonymous
GET	/api/v1/admin/lrs-dead-letter	anonymous
POST	/api/v1/admin/lrs-dead-letter/{id}/retry	anonymous
POST	/api/v1/admin/lti/external-tools	session
DELETE	/api/v1/admin/lti/external-tools/{id}	session
PUT	/api/v1/admin/lti/external-tools/{id}	session
GET	/api/v1/admin/lti/registrations	session
POST	/api/v1/admin/lti/registrations	session
DELETE	/api/v1/admin/lti/registrations/{id}	session
PUT	/api/v1/admin/lti/registrations/{id}	session
GET	/api/v1/admin/marketplace/installed	anonymous
DELETE	/api/v1/admin/marketplace/installed/{id}	anonymous
GET	/api/v1/admin/oer-providers	session
PUT	/api/v1/admin/oer-providers/{provider}	session
GET	/api/v1/admin/oidc/providers	session
PUT	/api/v1/admin/oidc/providers	session
GET	/api/v1/admin/org-units/{id}/interactive-quizzes	session
PATCH	/api/v1/admin/org-units/{id}/interactive-quizzes	session
GET	/api/v1/admin/org-units/{orgUnitId}/conference-schedule	anonymous
GET	/api/v1/admin/org-units/{orgUnitId}/demographics/disaggregated-performance	anonymous
GET	/api/v1/admin/org-units/{orgUnitId}/demographics/report	anonymous
GET	/api/v1/admin/orgs	session
POST	/api/v1/admin/orgs	session
DELETE	/api/v1/admin/orgs/{id}	session
GET	/api/v1/admin/orgs/{id}	session
PATCH	/api/v1/admin/orgs/{id}	session
GET	/api/v1/admin/orgs/{orgId}/attendance/codes	anonymous
POST	/api/v1/admin/orgs/{orgId}/attendance/codes	anonymous
DELETE	/api/v1/admin/orgs/{orgId}/attendance/codes/{codeId}	anonymous
POST	/api/v1/admin/orgs/{orgId}/attendance/export	anonymous
GET	/api/v1/admin/orgs/{orgId}/behavior/categories	anonymous
POST	/api/v1/admin/orgs/{orgId}/behavior/categories	anonymous
DELETE	/api/v1/admin/orgs/{orgId}/behavior/categories/{categoryId}	anonymous
GET	/api/v1/admin/orgs/{orgId}/behavior/dashboard	anonymous
POST	/api/v1/admin/orgs/{orgId}/calendar/events	session
DELETE	/api/v1/admin/orgs/{orgId}/calendar/events/{eventId}	session
PATCH	/api/v1/admin/orgs/{orgId}/calendar/events/{eventId}	session
PATCH	/api/v1/admin/orgs/{orgId}/courses/{courseCode}/org-unit	session
GET	/api/v1/admin/orgs/{orgId}/report-cards/comment-bank	anonymous
POST	/api/v1/admin/orgs/{orgId}/report-cards/comment-bank	anonymous
DELETE	/api/v1/admin/orgs/{orgId}/report-cards/comment-bank/{entryId}	anonymous
GET	/api/v1/admin/orgs/{orgId}/sbg/mastery-scale	anonymous
PUT	/api/v1/admin/orgs/{orgId}/sbg/mastery-scale	anonymous
GET	/api/v1/admin/orgs/{orgId}/sbg/standard-domains	anonymous
POST	/api/v1/admin/orgs/{orgId}/sbg/standard-domains	anonymous
POST	/api/v1/admin/orgs/{orgId}/sbg/standards/import	anonymous
GET	/api/v1/admin/orgs/{orgId}/sis/connections	anonymous
POST	/api/v1/admin/orgs/{orgId}/sis/connections	anonymous
PATCH	/api/v1/admin/orgs/{orgId}/sis/connections/{id}	anonymous
POST	/api/v1/admin/orgs/{orgId}/sis/connections/{id}/sync	anonymous
POST	/api/v1/admin/orgs/{orgId}/sis/connections/{id}/test	anonymous
POST	/api/v1/admin/orgs/{orgId}/sis/grade-passback	anonymous
GET	/api/v1/admin/orgs/{orgId}/sis/sync-logs	anonymous
GET	/api/v1/admin/orgs/{orgId}/terms	session
GET	/api/v1/admin/orgs/{orgId}/units	anonymous
POST	/api/v1/admin/orgs/{orgId}/units	anonymous
GET	/api/v1/admin/orgs/{orgId}/units/tree	anonymous
DELETE	/api/v1/admin/orgs/{orgId}/units/{unitId}	anonymous
GET	/api/v1/admin/orgs/{orgId}/units/{unitId}	anonymous
PATCH	/api/v1/admin/orgs/{orgId}/units/{unitId}	anonymous
POST	/api/v1/admin/orgs/{orgId}/units/{unitId}/children	anonymous
POST	/api/v1/admin/orgs/{orgId}/units/{unitId}/org-unit-admins	session
GET	/api/v1/admin/orgs/{orgId}/webhooks	anonymous
POST	/api/v1/admin/orgs/{orgId}/webhooks	anonymous
GET	/api/v1/admin/orgs/{orgId}/webhooks/event-types	anonymous
DELETE	/api/v1/admin/orgs/{orgId}/webhooks/{id}	anonymous
GET	/api/v1/admin/orgs/{orgId}/webhooks/{id}	anonymous
PUT	/api/v1/admin/orgs/{orgId}/webhooks/{id}	anonymous
GET	/api/v1/admin/orgs/{orgId}/webhooks/{id}/deliveries	anonymous
POST	/api/v1/admin/orgs/{orgId}/webhooks/{id}/test	anonymous
PUT	/api/v1/admin/originality-config	session
GET	/api/v1/admin/password-policy	session
PUT	/api/v1/admin/password-policy	session
GET	/api/v1/admin/people	session
POST	/api/v1/admin/people/invite	session
GET	/api/v1/admin/people/stats	session
DELETE	/api/v1/admin/people/{userId}	session
PATCH	/api/v1/admin/people/{userId}	session
GET	/api/v1/admin/people/{userId}/report	session
GET	/api/v1/admin/programs/{prog_id}/portfolio-outcomes-report	anonymous
POST	/api/v1/admin/provisioning/oneroster/bearer-credentials	anonymous
GET	/api/v1/admin/provisioning/oneroster/sync-runs	anonymous
GET	/api/v1/admin/provisioning/oneroster/sync-runs/{id}	anonymous
POST	/api/v1/admin/provisioning/oneroster/upload	anonymous
GET	/api/v1/admin/provisioning/scim/events	anonymous
GET	/api/v1/admin/provisioning/scim/tokens	anonymous
POST	/api/v1/admin/provisioning/scim/tokens	anonymous
DELETE	/api/v1/admin/provisioning/scim/tokens/{id}	anonymous
GET	/api/v1/admin/quarantine	session
DELETE	/api/v1/admin/quarantine/{object_id}	session
GET	/api/v1/admin/quarantine/{object_id}/download	session
POST	/api/v1/admin/quarantine/{object_id}/release	session
GET	/api/v1/admin/revenue/summary	session
POST	/api/v1/admin/revenue/trigger-payout	session
GET	/api/v1/admin/reviews	anonymous
DELETE	/api/v1/admin/reviews/{review_id}	anonymous
GET	/api/v1/admin/saml/config	session
PUT	/api/v1/admin/saml/config	session
GET	/api/v1/admin/scheduler	session
POST	/api/v1/admin/scheduler/{name}/disable	session
POST	/api/v1/admin/scheduler/{name}/enable	session
GET	/api/v1/admin/scheduler/{name}/history	session
POST	/api/v1/admin/scheduler/{name}/trigger	session
GET	/api/v1/admin/search	anonymous
GET	/api/v1/admin/search/content	anonymous
GET	/api/v1/admin/search/courses	anonymous
GET	/api/v1/admin/search/users	anonymous
GET	/api/v1/admin/settings/interactive-quizzes	session
PATCH	/api/v1/admin/settings/interactive-quizzes	session
GET	/api/v1/admin/storage-quotas	anonymous
POST	/api/v1/admin/storage-quotas/reconcile	anonymous
PUT	/api/v1/admin/storage-quotas/{scope}/{scope_id}	anonymous
GET	/api/v1/admin/students/{studentId}/demographics	anonymous
PATCH	/api/v1/admin/students/{studentId}/demographics	anonymous
POST	/api/v1/admin/students/{uid}/ccr/achievements	session
GET	/api/v1/admin/tokens	session
POST	/api/v1/admin/tokens	session
DELETE	/api/v1/admin/tokens/{id}	session
GET	/api/v1/admin/tool-reviews	anonymous
POST	/api/v1/admin/tool-reviews/auto-updates	anonymous
POST	/api/v1/admin/tool-reviews/{release_id}/decision	anonymous
POST	/api/v1/admin/transactions/{id}/refund	session
GET	/api/v1/admin/transcripts/config	anonymous
PUT	/api/v1/admin/transcripts/config	anonymous
GET	/api/v1/admin/transcripts/dashboard	anonymous
GET	/api/v1/admin/transcripts/dashboard/drilldown	anonymous
GET	/api/v1/admin/transcripts/delivery-config	anonymous
PUT	/api/v1/admin/transcripts/delivery-config	anonymous
POST	/api/v1/admin/transcripts/documents/{id}/revoke	anonymous
POST	/api/v1/admin/transcripts/documents/{id}/unrevoke	anonymous
GET	/api/v1/admin/transcripts/fees	anonymous
PUT	/api/v1/admin/transcripts/fees	anonymous
GET	/api/v1/admin/transcripts/health	anonymous
GET	/api/v1/admin/transcripts/holds	anonymous
POST	/api/v1/admin/transcripts/holds	anonymous
POST	/api/v1/admin/transcripts/holds/{id}/release	anonymous
GET	/api/v1/admin/transcripts/inbound	anonymous
GET	/api/v1/admin/transcripts/inbound/{id}	anonymous
POST	/api/v1/admin/transcripts/inbound/{id}/accept	anonymous
GET	/api/v1/admin/transcripts/inbound/{id}/courses	anonymous
POST	/api/v1/admin/transcripts/inbound/{id}/match	anonymous
GET	/api/v1/admin/transcripts/inbound/{id}/original	anonymous
POST	/api/v1/admin/transcripts/inbound/{id}/reject	anonymous
POST	/api/v1/admin/transcripts/inbound/{id}/unmatch	anonymous
GET	/api/v1/admin/transcripts/orders	anonymous
GET	/api/v1/admin/transcripts/orders/{id}	anonymous
POST	/api/v1/admin/transcripts/orders/{id}/items/{itemId}/resend	anonymous
POST	/api/v1/admin/transcripts/orders/{id}/refund	anonymous
POST	/api/v1/admin/transcripts/orders/{id}/transition	anonymous
POST	/api/v1/admin/transcripts/orders/{id}/waive	anonymous
GET	/api/v1/admin/transcripts/recipients	anonymous
POST	/api/v1/admin/transcripts/recipients	anonymous
PUT	/api/v1/admin/transcripts/recipients/{id}	anonymous
GET	/api/v1/admin/transcripts/reports/export	anonymous
GET	/api/v1/admin/transcripts/requests	anonymous
GET	/api/v1/admin/transcripts/students/{uid}/documents	anonymous
POST	/api/v1/admin/transcripts/students/{uid}/documents	anonymous
GET	/api/v1/admin/transcripts/waiver-codes	anonymous
POST	/api/v1/admin/transcripts/waiver-codes	anonymous
GET	/api/v1/admin/users/{userId}/dsar-export	session
DELETE	/api/v1/admin/users/{userId}/sessions	session
PATCH	/api/v1/admin/users/{userId}/ui-mode	session
GET	/api/v1/advisor/students/{uid}/notes	anonymous
POST	/api/v1/advisor/students/{uid}/notes	anonymous
POST	/api/v1/affiliate/track-click	anonymous
POST	/api/v1/ai/report-card-comment	session
POST	/api/v1/analytics/events	anonymous
POST	/api/v1/auth/change-password	session
POST	/api/v1/auth/cli/approve	session
GET	/api/v1/auth/cli/poll	anonymous
POST	/api/v1/auth/cli/request	anonymous
POST	/api/v1/auth/forgot-password	anonymous
POST	/api/v1/auth/login	anonymous
POST	/api/v1/auth/logout	anonymous
POST	/api/v1/auth/logout-all	session
GET	/api/v1/auth/magic-link/consume	anonymous
POST	/api/v1/auth/magic-link/consume	anonymous
POST	/api/v1/auth/magic-link/request	anonymous
POST	/api/v1/auth/mfa/backup/challenge	anonymous
POST	/api/v1/auth/mfa/setup/complete	anonymous
POST	/api/v1/auth/mfa/totp/challenge	anonymous
POST	/api/v1/auth/mfa/totp/enrol	anonymous
POST	/api/v1/auth/mfa/totp/verify-enrol	anonymous
POST	/api/v1/auth/mfa/webauthn/authenticate/begin	anonymous
POST	/api/v1/auth/mfa/webauthn/authenticate/complete	anonymous
POST	/api/v1/auth/mfa/webauthn/register/begin	anonymous
POST	/api/v1/auth/mfa/webauthn/register/complete	anonymous
POST	/api/v1/auth/oidc/apple/native	anonymous
POST	/api/v1/auth/oidc/google/native	anonymous
POST	/api/v1/auth/oidc/link	session
GET	/api/v1/auth/oidc/status	anonymous
POST	/api/v1/auth/parent-invite/consume	anonymous
GET	/api/v1/auth/password-policy	anonymous
POST	/api/v1/auth/refresh	anonymous
POST	/api/v1/auth/reset-password	anonymous
GET	/api/v1/auth/saml/status	anonymous
POST	/api/v1/auth/signup	anonymous
DELETE	/api/v1/badge-definitions/{id}	anonymous
PATCH	/api/v1/badge-definitions/{id}	anonymous
POST	/api/v1/badge-definitions/{id}/award	anonymous
GET	/api/v1/badge-definitions/{id}/candidates	anonymous
GET	/api/v1/badge-handle-available	anonymous
GET	/api/v1/badges/verify/{shareSlug}	anonymous
GET	/api/v1/badges/{awardedId}/badge-export	anonymous
GET	/api/v1/badges/{awardedId}/badge-export/download	anonymous
GET	/api/v1/badges/{awardedId}/linkedin-params	anonymous
POST	/api/v1/badges/{awardedId}/revoke	anonymous
POST	/api/v1/behavior/referrals	session
POST	/api/v1/billing/checkout	session
GET	/api/v1/billing/portal	session
GET	/api/v1/board-links/{token}	anonymous
POST	/api/v1/board-links/{token}/posts	anonymous
GET	/api/v1/board-templates	session
GET	/api/v1/bots	anonymous
POST	/api/v1/bots/discord/connect	anonymous
DELETE	/api/v1/bots/{id}	anonymous
POST	/api/v1/bots/{id}/mappings	anonymous
DELETE	/api/v1/bots/{id}/mappings/{mappingId}	anonymous
POST	/api/v1/broadcasts/{broadcastId}/acknowledge	anonymous
GET	/api/v1/catalog/paths	anonymous
GET	/api/v1/catalog/paths/{slug}	anonymous
GET	/api/v1/catalog/schedule	anonymous
GET	/api/v1/catalog/sections	anonymous
GET	/api/v1/catalog/sections/{id}	anonymous
POST	/api/v1/checkout	session
POST	/api/v1/checkout/quote	session
POST	/api/v1/checkout/tax-id	session
GET	/api/v1/cloud-providers	session
GET	/api/v1/communication/messages	session
POST	/api/v1/communication/messages	session
GET	/api/v1/communication/messages/{id}	session
PATCH	/api/v1/communication/messages/{id}	session
GET	/api/v1/communication/unread-count	session
GET	/api/v1/communication/ws	anonymous
GET	/api/v1/compliance/ai-inference-log	anonymous
GET	/api/v1/compliance/audit-log	anonymous
GET	/api/v1/compliance/audit-log/export	anonymous
GET	/api/v1/compliance/audit-log/{event_id}	anonymous
GET	/api/v1/compliance/ccpa/opt-out	anonymous
POST	/api/v1/compliance/ccpa/opt-out	anonymous
GET	/api/v1/compliance/ccpa/pi-categories	anonymous
GET	/api/v1/compliance/ccpa/requests	anonymous
POST	/api/v1/compliance/ccpa/requests	anonymous
GET	/api/v1/compliance/ccpa/requests/{id}	anonymous
PATCH	/api/v1/compliance/ccpa/requests/{id}	anonymous
PATCH	/api/v1/compliance/coppa/ai-opt-in	anonymous
POST	/api/v1/compliance/coppa/bulk-import/{orgId}	anonymous
POST	/api/v1/compliance/coppa/consent-token	anonymous
DELETE	/api/v1/compliance/coppa/consent/{id}	anonymous
POST	/api/v1/compliance/coppa/initiate	anonymous
GET	/api/v1/compliance/coppa/parent-dashboard	anonymous
GET	/api/v1/compliance/coppa/status	anonymous
GET	/api/v1/compliance/data-inventory	anonymous
GET	/api/v1/compliance/data-inventory/export.csv	anonymous
POST	/api/v1/compliance/dpa/accept	anonymous
GET	/api/v1/compliance/dpa/acceptances	anonymous
GET	/api/v1/compliance/dpa/current	anonymous
POST	/api/v1/compliance/ferpa/consent	anonymous
DELETE	/api/v1/compliance/ferpa/consent/{id}	anonymous
GET	/api/v1/compliance/ferpa/directory-opt-out	anonymous
PUT	/api/v1/compliance/ferpa/directory-opt-out	anonymous
GET	/api/v1/compliance/ferpa/disclosure-log	anonymous
GET	/api/v1/compliance/ferpa/record-requests	anonymous
POST	/api/v1/compliance/ferpa/record-requests	anonymous
PATCH	/api/v1/compliance/ferpa/record-requests/{id}	anonymous
GET	/api/v1/compliance/gdpr/consents	anonymous
POST	/api/v1/compliance/gdpr/consents	anonymous
DELETE	/api/v1/compliance/gdpr/consents/{id}	anonymous
GET	/api/v1/compliance/gdpr/dpa-template	anonymous
GET	/api/v1/compliance/gdpr/dsar	anonymous
POST	/api/v1/compliance/gdpr/dsar	anonymous
PATCH	/api/v1/compliance/gdpr/dsar/{id}	anonymous
GET	/api/v1/compliance/gdpr/dsar/{id}/download	anonymous
GET	/api/v1/compliance/gdpr/ropa	anonymous
POST	/api/v1/compliance/gdpr/ropa	anonymous
DELETE	/api/v1/compliance/gdpr/ropa/{id}	anonymous
GET	/api/v1/compliance/iso/audit-findings	anonymous
POST	/api/v1/compliance/iso/audit-findings	anonymous
PATCH	/api/v1/compliance/iso/audit-findings/{id}	anonymous
GET	/api/v1/compliance/iso/dashboard	anonymous
PATCH	/api/v1/compliance/iso/program	anonymous
GET	/api/v1/compliance/iso/risk-register	anonymous
POST	/api/v1/compliance/iso/risk-register	anonymous
GET	/api/v1/compliance/iso/soa	anonymous
PATCH	/api/v1/compliance/iso/soa/{controlId}	anonymous
GET	/api/v1/compliance/iso/supplier-reviews	anonymous
POST	/api/v1/compliance/iso/supplier-reviews	anonymous
GET	/api/v1/compliance/iso/training	anonymous
POST	/api/v1/compliance/iso/training	anonymous
GET	/api/v1/compliance/security-reports	anonymous
POST	/api/v1/compliance/security-reports	anonymous
GET	/api/v1/compliance/security-reports/export	anonymous
GET	/api/v1/compliance/security-reports/{id}	anonymous
PATCH	/api/v1/compliance/security-reports/{id}	anonymous
GET	/api/v1/compliance/state/checklist	anonymous
POST	/api/v1/compliance/state/deletion-request	anonymous
GET	/api/v1/compliance/state/deletion-request/{id}	anonymous
PATCH	/api/v1/compliance/state/deletion-request/{id}	anonymous
GET	/api/v1/compliance/state/disclosure/{studentId}	anonymous
GET	/api/v1/compliance/state/dpa-addendum/{state}	anonymous
GET	/api/v1/compliance/state/prohibitions	anonymous
GET	/api/v1/concepts	session
POST	/api/v1/concepts	session
DELETE	/api/v1/concepts/question-tags	session
POST	/api/v1/concepts/question-tags	session
GET	/api/v1/concepts/search	session
DELETE	/api/v1/concepts/{id}	session
GET	/api/v1/concepts/{id}	session
PUT	/api/v1/concepts/{id}	session
GET	/api/v1/concepts/{id}/ancestors	session
GET	/api/v1/concepts/{id}/descendants	session
POST	/api/v1/concepts/{id}/prerequisites	session
DELETE	/api/v1/concepts/{id}/prerequisites/{prerequisite_id}	session
DELETE	/api/v1/conference-slots/{slotId}/book	anonymous
POST	/api/v1/conference-slots/{slotId}/book	anonymous
GET	/api/v1/conference-slots/{slotId}/ical	anonymous
GET	/api/v1/consortium/courses	anonymous
POST	/api/v1/consortium/courses/{id}/enroll	anonymous
POST	/api/v1/content-filter/activity	anonymous
GET	/api/v1/content-tools/conformance	session
GET	/api/v1/content-tools/data-sheets	session
GET	/api/v1/courses	session
POST	/api/v1/courses	session
PUT	/api/v1/courses/catalog-hidden	session
PUT	/api/v1/courses/catalog-nickname	session
PUT	/api/v1/courses/catalog-order	session
PUT	/api/v1/courses/catalog-pin	session
GET	/api/v1/courses/catalog-pins	session
PUT	/api/v1/courses/catalog-pins/layout	session
GET	/api/v1/courses/catalog-settings	session
PUT	/api/v1/courses/catalog-settings	session
POST	/api/v1/courses/catalog-settings/migrate-local	session
POST	/api/v1/courses/import/from-course	session
PUT	/api/v1/courses/kanban-board	session
GET	/api/v1/courses/{courseCode}/reading-dashboard	anonymous
GET	/api/v1/courses/{courseId}/badge-definitions	anonymous
POST	/api/v1/courses/{courseId}/badge-definitions	anonymous
POST	/api/v1/courses/{courseId}/badge-definitions/extract-from-syllabus	anonymous
GET	/api/v1/courses/{courseId}/classroom-signals/questions	anonymous
POST	/api/v1/courses/{courseId}/classroom-signals/questions	anonymous
PATCH	/api/v1/courses/{courseId}/classroom-signals/questions/{questionId}	anonymous
GET	/api/v1/courses/{course_code}/	session
PUT	/api/v1/courses/{course_code}/	session
GET	/api/v1/courses/{course_code}/accessibility	anonymous
GET	/api/v1/courses/{course_code}/adaptive-content/budget	session
GET	/api/v1/courses/{course_code}/adaptive-content/contests	session
POST	/api/v1/courses/{course_code}/adaptive-content/contests/{contest_id}/resolve	session
GET	/api/v1/courses/{course_code}/adaptive-content/effectiveness	session
POST	/api/v1/courses/{course_code}/adaptive-content/effectiveness/refresh	session
GET	/api/v1/courses/{course_code}/adaptive-content/optout	session
PUT	/api/v1/courses/{course_code}/adaptive-content/optout	session
GET	/api/v1/courses/{course_code}/adaptive-content/report	session
GET	/api/v1/courses/{course_code}/adaptive-content/report/export	session
GET	/api/v1/courses/{course_code}/adaptive-content/review-queue	session
GET	/api/v1/courses/{course_code}/adaptive-content/settings	session
PATCH	/api/v1/courses/{course_code}/adaptive-content/settings	session
PUT	/api/v1/courses/{course_code}/adaptive-content/settings	session
GET	/api/v1/courses/{course_code}/adaptive-content/units	session
POST	/api/v1/courses/{course_code}/adaptive-content/units	session
DELETE	/api/v1/courses/{course_code}/adaptive-content/units/{unit_id}	session
PATCH	/api/v1/courses/{course_code}/adaptive-content/units/{unit_id}	session
POST	/api/v1/courses/{course_code}/adaptive-content/units/{unit_id}/contest	session
GET	/api/v1/courses/{course_code}/adaptive-content/units/{unit_id}/effectiveness	session
GET	/api/v1/courses/{course_code}/adaptive-content/units/{unit_id}/key-terms	session
PUT	/api/v1/courses/{course_code}/adaptive-content/units/{unit_id}/key-terms	session
POST	/api/v1/courses/{course_code}/adaptive-content/units/{unit_id}/pre-check/generate	session
POST	/api/v1/courses/{course_code}/adaptive-content/units/{unit_id}/prewarm	session
GET	/api/v1/courses/{course_code}/adaptive-content/units/{unit_id}/profile	session
GET	/api/v1/courses/{course_code}/adaptive-content/units/{unit_id}/profiles	session
GET	/api/v1/courses/{course_code}/adaptive-content/units/{unit_id}/variants	session
POST	/api/v1/courses/{course_code}/adaptive-content/units/{unit_id}/variants/bulk	session
POST	/api/v1/courses/{course_code}/adaptive-content/units/{unit_id}/variants/preview	session
POST	/api/v1/courses/{course_code}/adaptive-content/units/{unit_id}/viewed-original	session
PUT	/api/v1/courses/{course_code}/adaptive-content/variants/{variant_id}	session
POST	/api/v1/courses/{course_code}/adaptive-content/variants/{variant_id}/approve	session
POST	/api/v1/courses/{course_code}/adaptive-content/variants/{variant_id}/reject	session
POST	/api/v1/courses/{course_code}/adaptive-content/variants/{variant_id}/revoke	session
POST	/api/v1/courses/{course_code}/alt-text/suggest	anonymous
GET	/api/v1/courses/{course_code}/analytics/cross-section	session
GET	/api/v1/courses/{course_code}/analytics/engagement-overview	session
GET	/api/v1/courses/{course_code}/analytics/insights	session
POST	/api/v1/courses/{course_code}/analytics/insights/dismiss	session
POST	/api/v1/courses/{course_code}/analytics/insights/refresh	session
GET	/api/v1/courses/{course_code}/analytics/mastery-heatmap	session
GET	/api/v1/courses/{course_code}/analytics/mastery-heatmap/concepts/{concept_id}	session
POST	/api/v1/courses/{course_code}/analytics/mastery-heatmap/refresh	session
GET	/api/v1/courses/{course_code}/analytics/outcomes	anonymous
POST	/api/v1/courses/{course_code}/analytics/outcomes/refresh	anonymous
PUT	/api/v1/courses/{course_code}/analytics/outcomes/settings	anonymous
GET	/api/v1/courses/{course_code}/analytics/video-dropoff/{object_id}	session
PATCH	/api/v1/courses/{course_code}/archived	session
GET	/api/v1/courses/{course_code}/assignments/{item_id}	session
PATCH	/api/v1/courses/{course_code}/assignments/{item_id}	session
POST	/api/v1/courses/{course_code}/assignments/{item_id}/curve	anonymous
POST	/api/v1/courses/{course_code}/assignments/{item_id}/curve/preview	anonymous
POST	/api/v1/courses/{course_code}/assignments/{item_id}/generate-rubric	session
DELETE	/api/v1/courses/{course_code}/assignments/{item_id}/grader-agent	anonymous
GET	/api/v1/courses/{course_code}/assignments/{item_id}/grader-agent	anonymous
PUT	/api/v1/courses/{course_code}/assignments/{item_id}/grader-agent	anonymous
POST	/api/v1/courses/{course_code}/assignments/{item_id}/grader-agent/ai-build	anonymous
GET	/api/v1/courses/{course_code}/assignments/{item_id}/grader-agent/dry-run/ws	anonymous
PATCH	/api/v1/courses/{course_code}/assignments/{item_id}/grader-agent/results/{result_id}	anonymous
GET	/api/v1/courses/{course_code}/assignments/{item_id}/grader-agent/review-queue	anonymous
POST	/api/v1/courses/{course_code}/assignments/{item_id}/grader-agent/review/bulk	anonymous
GET	/api/v1/courses/{course_code}/assignments/{item_id}/grader-agent/run-estimate	anonymous
GET	/api/v1/courses/{course_code}/assignments/{item_id}/grader-agent/run-target	anonymous
GET	/api/v1/courses/{course_code}/assignments/{item_id}/grader-agent/runs	anonymous
POST	/api/v1/courses/{course_code}/assignments/{item_id}/grader-agent/runs	anonymous
GET	/api/v1/courses/{course_code}/assignments/{item_id}/grader-agent/runs/{run_id}	anonymous
POST	/api/v1/courses/{course_code}/assignments/{item_id}/grader-agent/runs/{run_id}/cancel	anonymous
GET	/api/v1/courses/{course_code}/assignments/{item_id}/grades/{student_id}/history	session
GET	/api/v1/courses/{course_code}/assignments/{item_id}/markups	session
PUT	/api/v1/courses/{course_code}/assignments/{item_id}/peer-review	anonymous
POST	/api/v1/courses/{course_code}/assignments/{item_id}/peer-review/allocate	anonymous
GET	/api/v1/courses/{course_code}/assignments/{item_id}/peer-review/received	anonymous
GET	/api/v1/courses/{course_code}/assignments/{item_id}/peer-review/summary	anonymous
GET	/api/v1/courses/{course_code}/assignments/{item_id}/provisional-grades	anonymous
GET	/api/v1/courses/{course_code}/assignments/{item_id}/reconciliation	anonymous
POST	/api/v1/courses/{course_code}/assignments/{item_id}/regrade-request	anonymous
GET	/api/v1/courses/{course_code}/assignments/{item_id}/students/{student_user_id}/grade	session
PUT	/api/v1/courses/{course_code}/assignments/{item_id}/students/{student_user_id}/grade	session
GET	/api/v1/courses/{course_code}/assignments/{item_id}/submissions	session
GET	/api/v1/courses/{course_code}/assignments/{item_id}/submissions/mine	session
POST	/api/v1/courses/{course_code}/assignments/{item_id}/submissions/text	session
POST	/api/v1/courses/{course_code}/assignments/{item_id}/submissions/upload	session
GET	/api/v1/courses/{course_code}/assignments/{item_id}/submissions/{submission_id}/annotations	anonymous
POST	/api/v1/courses/{course_code}/assignments/{item_id}/submissions/{submission_id}/annotations	anonymous
DELETE	/api/v1/courses/{course_code}/assignments/{item_id}/submissions/{submission_id}/annotations/{annotation_id}	anonymous
GET	/api/v1/courses/{course_code}/assignments/{item_id}/submissions/{submission_id}/attachments/archive	session
GET	/api/v1/courses/{course_code}/assignments/{item_id}/submissions/{submission_id}/grade	session
PUT	/api/v1/courses/{course_code}/assignments/{item_id}/submissions/{submission_id}/grade	session
GET	/api/v1/courses/{course_code}/assignments/{item_id}/submissions/{submission_id}/originality	anonymous
GET	/api/v1/courses/{course_code}/assignments/{item_id}/submissions/{submission_id}/originality/embed-url	anonymous
POST	/api/v1/courses/{course_code}/assignments/{item_id}/submissions/{submission_id}/originality/retry	anonymous
GET	/api/v1/courses/{course_code}/assignments/{item_id}/submissions/{submission_id}/originality/summary	anonymous
POST	/api/v1/courses/{course_code}/assignments/{item_id}/submissions/{submission_id}/provisional-grades	anonymous
POST	/api/v1/courses/{course_code}/assignments/{item_id}/submissions/{submission_id}/reconcile	anonymous
POST	/api/v1/courses/{course_code}/assignments/{item_id}/submissions/{submission_id}/sync-canvas	anonymous
GET	/api/v1/courses/{course_code}/at-risk	session
GET	/api/v1/courses/{course_code}/at-risk/config	session
PUT	/api/v1/courses/{course_code}/at-risk/config	session
POST	/api/v1/courses/{course_code}/at-risk/run	session
PATCH	/api/v1/courses/{course_code}/at-risk/{alert_id}	session
GET	/api/v1/courses/{course_code}/attendance/sessions	session
POST	/api/v1/courses/{course_code}/attendance/sessions	session
GET	/api/v1/courses/{course_code}/attendance/sessions/{session_id}	session
POST	/api/v1/courses/{course_code}/attendance/sessions/{session_id}/close	session
PUT	/api/v1/courses/{course_code}/attendance/sessions/{session_id}/records	session
POST	/api/v1/courses/{course_code}/attendance/sessions/{session_id}/self-report	session
GET	/api/v1/courses/{course_code}/availability	session
POST	/api/v1/courses/{course_code}/availability	session
PATCH	/api/v1/courses/{course_code}/blueprint	session
GET	/api/v1/courses/{course_code}/blueprint/children	session
POST	/api/v1/courses/{course_code}/blueprint/children	session
DELETE	/api/v1/courses/{course_code}/blueprint/children/{child_course_code}	session
POST	/api/v1/courses/{course_code}/blueprint/push	session
GET	/api/v1/courses/{course_code}/blueprint/sync-logs	session
GET	/api/v1/courses/{course_code}/board-copy-jobs/{job_id}	session
GET	/api/v1/courses/{course_code}/boards	session
POST	/api/v1/courses/{course_code}/boards	session
DELETE	/api/v1/courses/{course_code}/boards/{board_id}	session
GET	/api/v1/courses/{course_code}/boards/{board_id}	session
PATCH	/api/v1/courses/{course_code}/boards/{board_id}	session
GET	/api/v1/courses/{course_code}/boards/{board_id}/analytics	session
POST	/api/v1/courses/{course_code}/boards/{board_id}/attachments	session
GET	/api/v1/courses/{course_code}/boards/{board_id}/attachments/{attachment_id}/content	session
GET	/api/v1/courses/{course_code}/boards/{board_id}/embed	anonymous
POST	/api/v1/courses/{course_code}/boards/{board_id}/export	anonymous
GET	/api/v1/courses/{course_code}/boards/{board_id}/export/{job_id}	anonymous
GET	/api/v1/courses/{course_code}/boards/{board_id}/export/{job_id}/content	anonymous
POST	/api/v1/courses/{course_code}/boards/{board_id}/link-preview	session
GET	/api/v1/courses/{course_code}/boards/{board_id}/members	session
POST	/api/v1/courses/{course_code}/boards/{board_id}/members	session
DELETE	/api/v1/courses/{course_code}/boards/{board_id}/members/{user_id}	session
GET	/api/v1/courses/{course_code}/boards/{board_id}/moderation/log	session
GET	/api/v1/courses/{course_code}/boards/{board_id}/moderation/queue	session
GET	/api/v1/courses/{course_code}/boards/{board_id}/posts	session
POST	/api/v1/courses/{course_code}/boards/{board_id}/posts	session
DELETE	/api/v1/courses/{course_code}/boards/{board_id}/posts/{post_id}	session
GET	/api/v1/courses/{course_code}/boards/{board_id}/posts/{post_id}	session
PATCH	/api/v1/courses/{course_code}/boards/{board_id}/posts/{post_id}	session
POST	/api/v1/courses/{course_code}/boards/{board_id}/posts/{post_id}/approve	session
PATCH	/api/v1/courses/{course_code}/boards/{board_id}/posts/{post_id}/arrange	session
GET	/api/v1/courses/{course_code}/boards/{board_id}/posts/{post_id}/comments	session
POST	/api/v1/courses/{course_code}/boards/{board_id}/posts/{post_id}/comments	session
DELETE	/api/v1/courses/{course_code}/boards/{board_id}/posts/{post_id}/comments/{comment_id}	session
PATCH	/api/v1/courses/{course_code}/boards/{board_id}/posts/{post_id}/comments/{comment_id}	session
POST	/api/v1/courses/{course_code}/boards/{board_id}/posts/{post_id}/comments/{comment_id}/hide	session
POST	/api/v1/courses/{course_code}/boards/{board_id}/posts/{post_id}/comments/{comment_id}/remove	session
POST	/api/v1/courses/{course_code}/boards/{board_id}/posts/{post_id}/grade-sync	session
POST	/api/v1/courses/{course_code}/boards/{board_id}/posts/{post_id}/hide	session
DELETE	/api/v1/courses/{course_code}/boards/{board_id}/posts/{post_id}/reaction	session
PUT	/api/v1/courses/{course_code}/boards/{board_id}/posts/{post_id}/reaction	session
POST	/api/v1/courses/{course_code}/boards/{board_id}/posts/{post_id}/reject	session
POST	/api/v1/courses/{course_code}/boards/{board_id}/posts/{post_id}/remove	session
GET	/api/v1/courses/{course_code}/boards/{board_id}/qr	anonymous
POST	/api/v1/courses/{course_code}/boards/{board_id}/reports	session
POST	/api/v1/courses/{course_code}/boards/{board_id}/reports/{report_id}/resolve	session
POST	/api/v1/courses/{course_code}/boards/{board_id}/save-as-template	session
GET	/api/v1/courses/{course_code}/boards/{board_id}/sections	session
POST	/api/v1/courses/{course_code}/boards/{board_id}/sections	session
DELETE	/api/v1/courses/{course_code}/boards/{board_id}/sections/{section_id}	session
PATCH	/api/v1/courses/{course_code}/boards/{board_id}/sections/{section_id}	session
GET	/api/v1/courses/{course_code}/boards/{board_id}/shares	session
POST	/api/v1/courses/{course_code}/boards/{board_id}/shares	session
DELETE	/api/v1/courses/{course_code}/boards/{board_id}/shares/{share_id}	session
GET	/api/v1/courses/{course_code}/boards/{board_id}/ws	anonymous
POST	/api/v1/courses/{course_code}/bulk-reading-level	anonymous
GET	/api/v1/courses/{course_code}/calendar.ics	session
GET	/api/v1/courses/{course_code}/canvas-link	session
PATCH	/api/v1/courses/{course_code}/canvas-link	session
PATCH	/api/v1/courses/{course_code}/caption-policy	session
GET	/api/v1/courses/{course_code}/catalog-info	anonymous
GET	/api/v1/courses/{course_code}/catalog-listing	anonymous
PUT	/api/v1/courses/{course_code}/catalog-listing	anonymous
GET	/api/v1/courses/{course_code}/checklist	session
GET	/api/v1/courses/{course_code}/checklist/history	session
POST	/api/v1/courses/{course_code}/checklist/items/{item_id}/dismiss	session
POST	/api/v1/courses/{course_code}/checklist/items/{item_id}/recheck	session
POST	/api/v1/courses/{course_code}/checklist/items/{item_id}/restore	session
POST	/api/v1/courses/{course_code}/checklist/refresh	session
GET	/api/v1/courses/{course_code}/checklist/summary	session
GET	/api/v1/courses/{course_code}/collab-docs	session
POST	/api/v1/courses/{course_code}/collab-docs	session
DELETE	/api/v1/courses/{course_code}/collab-docs/{doc_id}	session
GET	/api/v1/courses/{course_code}/collab-docs/{doc_id}	session
PATCH	/api/v1/courses/{course_code}/collab-docs/{doc_id}	session
GET	/api/v1/courses/{course_code}/collab-docs/{doc_id}/snapshots	session
GET	/api/v1/courses/{course_code}/collab-docs/{doc_id}/ws	anonymous
GET	/api/v1/courses/{course_code}/concepts-for-path	session
GET	/api/v1/courses/{course_code}/consortium-settings	anonymous
PATCH	/api/v1/courses/{course_code}/consortium-settings	anonymous
GET	/api/v1/courses/{course_code}/content-pages/{item_id}	session
PATCH	/api/v1/courses/{course_code}/content-pages/{item_id}	session
POST	/api/v1/courses/{course_code}/content-pages/{item_id}/build-with-ai	session
GET	/api/v1/courses/{course_code}/content-pages/{item_id}/markups	anonymous
POST	/api/v1/courses/{course_code}/content-pages/{item_id}/markups	anonymous
DELETE	/api/v1/courses/{course_code}/content-pages/{item_id}/markups/{markup_id}	anonymous
GET	/api/v1/courses/{course_code}/content-tools/ai-consent	session
POST	/api/v1/courses/{course_code}/content-tools/ai-consent	session
GET	/api/v1/courses/{course_code}/content-tools/analytics	session
GET	/api/v1/courses/{course_code}/content-tools/analytics/course	session
GET	/api/v1/courses/{course_code}/content-tools/analytics/export	session
GET	/api/v1/courses/{course_code}/content-tools/catalog	session
POST	/api/v1/courses/{course_code}/content-tools/context/preview	session
GET	/api/v1/courses/{course_code}/content-tools/context/sources	session
PATCH	/api/v1/courses/{course_code}/content-tools/context/sources/{source_id}	session
POST	/api/v1/courses/{course_code}/content-tools/context/sources/{source_id}/reingest	session
GET	/api/v1/courses/{course_code}/content-tools/instances	session
POST	/api/v1/courses/{course_code}/content-tools/instances	session
DELETE	/api/v1/courses/{course_code}/content-tools/instances/{instance_id}	session
PATCH	/api/v1/courses/{course_code}/content-tools/instances/{instance_id}	session
POST	/api/v1/courses/{course_code}/content-tools/instances/{instance_id}/actions/{action}	session
GET	/api/v1/courses/{course_code}/content-tools/instances/{instance_id}/analytics	session
POST	/api/v1/courses/{course_code}/content-tools/instances/{instance_id}/build-with-ai	session
POST	/api/v1/courses/{course_code}/content-tools/instances/{instance_id}/duplicate	session
GET	/api/v1/courses/{course_code}/content-tools/instances/{instance_id}/filter-flags	session
DELETE	/api/v1/courses/{course_code}/content-tools/instances/{instance_id}/grade-link	session
GET	/api/v1/courses/{course_code}/content-tools/instances/{instance_id}/grade-link	session
PUT	/api/v1/courses/{course_code}/content-tools/instances/{instance_id}/grade-link	session
POST	/api/v1/courses/{course_code}/content-tools/instances/{instance_id}/moderate	session
GET	/api/v1/courses/{course_code}/content-tools/instances/{instance_id}/moderation	session
POST	/api/v1/courses/{course_code}/content-tools/instances/{instance_id}/report	session
POST	/api/v1/courses/{course_code}/content-tools/instances/{instance_id}/self-reset	session
GET	/api/v1/courses/{course_code}/content-tools/instances/{instance_id}/state	session
PUT	/api/v1/courses/{course_code}/content-tools/instances/{instance_id}/state	session
GET	/api/v1/courses/{course_code}/content-tools/instances/{instance_id}/states	session
GET	/api/v1/courses/{course_code}/content-tools/instances/{instance_id}/states/export	session
GET	/api/v1/courses/{course_code}/content-tools/instances/{instance_id}/states/{enrollment_id}	session
POST	/api/v1/courses/{course_code}/content-tools/instances/{instance_id}/submit	session
GET	/api/v1/courses/{course_code}/content-tools/instances/{instance_id}/usage	session
GET	/api/v1/courses/{course_code}/content-tools/manifests/{tool_id}	session
GET	/api/v1/courses/{course_code}/content-tools/my-progress	session
GET	/api/v1/courses/{course_code}/content-tools/reset-jobs/{job_id}	session
GET	/api/v1/courses/{course_code}/content-tools/settings	session
PUT	/api/v1/courses/{course_code}/content-tools/settings	session
GET	/api/v1/courses/{course_code}/content-tools/state-resets	session
POST	/api/v1/courses/{course_code}/content-tools/state-resets	session
POST	/api/v1/courses/{course_code}/content-tools/state-resets/{reset_id}/restore	session
POST	/api/v1/courses/{course_code}/course-context	session
POST	/api/v1/courses/{course_code}/course-files	session
DELETE	/api/v1/courses/{course_code}/course-files/{file_id}	session
GET	/api/v1/courses/{course_code}/course-files/{file_id}/content	session
GET	/api/v1/courses/{course_code}/course-files/{file_id}/preview	session
GET	/api/v1/courses/{course_code}/diagnostic-config	session
PUT	/api/v1/courses/{course_code}/diagnostic-config	session
GET	/api/v1/courses/{course_code}/diagnostic-results	session
DELETE	/api/v1/courses/{course_code}/discussion-posts/{post_id}	session
POST	/api/v1/courses/{course_code}/discussion-posts/{post_id}/upvote	session
GET	/api/v1/courses/{course_code}/discussion-threads/{thread_id}	session
PATCH	/api/v1/courses/{course_code}/discussion-threads/{thread_id}	session
GET	/api/v1/courses/{course_code}/discussion-threads/{thread_id}/posts	session
POST	/api/v1/courses/{course_code}/discussion-threads/{thread_id}/posts	session
GET	/api/v1/courses/{course_code}/enrollments	session
POST	/api/v1/courses/{course_code}/enrollments	session
POST	/api/v1/courses/{course_code}/enrollments/self-as-student	session
DELETE	/api/v1/courses/{course_code}/enrollments/{enrollment_id}	session
PATCH	/api/v1/courses/{course_code}/enrollments/{enrollment_id}	session
GET	/api/v1/courses/{course_code}/enrollments/{enrollment_id}/at-risk-history	session
GET	/api/v1/courses/{course_code}/enrollments/{enrollment_id}/engagement	anonymous
GET	/api/v1/courses/{course_code}/enrollments/{enrollment_id}/incomplete	anonymous
PATCH	/api/v1/courses/{course_code}/enrollments/{enrollment_id}/incomplete	anonymous
POST	/api/v1/courses/{course_code}/enrollments/{enrollment_id}/incomplete	anonymous
POST	/api/v1/courses/{course_code}/enrollments/{enrollment_id}/invitation/approve	session
POST	/api/v1/courses/{course_code}/enrollments/{enrollment_id}/invitation/decline	session
GET	/api/v1/courses/{course_code}/enrollments/{enrollment_id}/mastery	session
POST	/api/v1/courses/{course_code}/enrollments/{enrollment_id}/message	session
POST	/api/v1/courses/{course_code}/enrollments/{enrollment_id}/notes	anonymous
DELETE	/api/v1/courses/{course_code}/enrollments/{enrollment_id}/notes/{note_id}	anonymous
PUT	/api/v1/courses/{course_code}/enrollments/{enrollment_id}/notes/{note_id}	anonymous
GET	/api/v1/courses/{course_code}/enrollments/{enrollment_id}/progress	anonymous
GET	/api/v1/courses/{course_code}/enrollments/{enrollment_id}/progress/activity	anonymous
PATCH	/api/v1/courses/{course_code}/enrollments/{enrollment_id}/reading-level	anonymous
PATCH	/api/v1/courses/{course_code}/enrollments/{enrollment_id}/state	anonymous
GET	/api/v1/courses/{course_code}/enrollments/{enrollment_id}/state/history	anonymous
GET	/api/v1/courses/{course_code}/evaluations/results	anonymous
GET	/api/v1/courses/{course_code}/evaluations/status	anonymous
POST	/api/v1/courses/{course_code}/evaluations/{window_id}/submit	anonymous
GET	/api/v1/courses/{course_code}/events	anonymous
GET	/api/v1/courses/{course_code}/export	session
GET	/api/v1/courses/{course_code}/external-links/{item_id}	session
PATCH	/api/v1/courses/{course_code}/external-links/{item_id}	session
POST	/api/v1/courses/{course_code}/factory-reset	session
PATCH	/api/v1/courses/{course_code}/features	session
GET	/api/v1/courses/{course_code}/feed/channels	session
POST	/api/v1/courses/{course_code}/feed/channels	session
DELETE	/api/v1/courses/{course_code}/feed/channels/{channel_id}	session
PATCH	/api/v1/courses/{course_code}/feed/channels/{channel_id}	session
GET	/api/v1/courses/{course_code}/feed/channels/{channel_id}/messages	session
POST	/api/v1/courses/{course_code}/feed/channels/{channel_id}/messages	session
DELETE	/api/v1/courses/{course_code}/feed/messages/{message_id}	session
PATCH	/api/v1/courses/{course_code}/feed/messages/{message_id}	session
DELETE	/api/v1/courses/{course_code}/feed/messages/{message_id}/like	session
POST	/api/v1/courses/{course_code}/feed/messages/{message_id}/like	session
PATCH	/api/v1/courses/{course_code}/feed/messages/{message_id}/pin	session
GET	/api/v1/courses/{course_code}/feed/roster	session
POST	/api/v1/courses/{course_code}/feed/upload-image	session
GET	/api/v1/courses/{course_code}/feed/ws	anonymous
GET	/api/v1/courses/{course_code}/files	session
POST	/api/v1/courses/{course_code}/files/folders	session
DELETE	/api/v1/courses/{course_code}/files/folders/{folder_id}	session
GET	/api/v1/courses/{course_code}/files/folders/{folder_id}	session
PATCH	/api/v1/courses/{course_code}/files/folders/{folder_id}	session
POST	/api/v1/courses/{course_code}/files/items	session
POST	/api/v1/courses/{course_code}/files/items/confirm	session
DELETE	/api/v1/courses/{course_code}/files/items/{item_id}	session
PATCH	/api/v1/courses/{course_code}/files/items/{item_id}	session
GET	/api/v1/courses/{course_code}/files/items/{item_id}/content	session
GET	/api/v1/courses/{course_code}/files/items/{item_id}/preview	session
GET	/api/v1/courses/{course_code}/files/ws	anonymous
GET	/api/v1/courses/{course_code}/final-grades/export.csv	anonymous
GET	/api/v1/courses/{course_code}/final-grades/preview	anonymous
POST	/api/v1/courses/{course_code}/final-grades/submit	anonymous
GET	/api/v1/courses/{course_code}/forums	session
POST	/api/v1/courses/{course_code}/forums	session
GET	/api/v1/courses/{course_code}/forums/{forum_id}/threads	session
POST	/api/v1/courses/{course_code}/forums/{forum_id}/threads	session
GET	/api/v1/courses/{course_code}/glossary	anonymous
POST	/api/v1/courses/{course_code}/glossary	anonymous
PUT	/api/v1/courses/{course_code}/gradebook/grades	session
GET	/api/v1/courses/{course_code}/gradebook/grid	session
GET	/api/v1/courses/{course_code}/grader-agent-templates	anonymous
POST	/api/v1/courses/{course_code}/grader-agent-templates	anonymous
DELETE	/api/v1/courses/{course_code}/grader-agent-templates/{template_id}	anonymous
GET	/api/v1/courses/{course_code}/grader-agent-templates/{template_id}	anonymous
PUT	/api/v1/courses/{course_code}/grader-agent-templates/{template_id}	anonymous
GET	/api/v1/courses/{course_code}/grader-agents	anonymous
GET	/api/v1/courses/{course_code}/grading	session
PUT	/api/v1/courses/{course_code}/grading	session
GET	/api/v1/courses/{course_code}/grading-backlog	session
GET	/api/v1/courses/{course_code}/grading-scheme	session
PUT	/api/v1/courses/{course_code}/grading-scheme	session
GET	/api/v1/courses/{course_code}/groups	session
GET	/api/v1/courses/{course_code}/groups/{group_id}/feed/channels	session
POST	/api/v1/courses/{course_code}/groups/{group_id}/feed/channels	session
GET	/api/v1/courses/{course_code}/groups/{group_id}/feed/channels/{channel_id}/messages	session
POST	/api/v1/courses/{course_code}/groups/{group_id}/feed/channels/{channel_id}/messages	session
POST	/api/v1/courses/{course_code}/groups/{group_id}/team-eval	anonymous
GET	/api/v1/courses/{course_code}/h5p-items/{item_id}	anonymous
GET	/api/v1/courses/{course_code}/h5p/{package_id}	anonymous
GET	/api/v1/courses/{course_code}/h5p/{package_id}/assets/*	anonymous
GET	/api/v1/courses/{course_code}/h5p/{package_id}/completions	anonymous
GET	/api/v1/courses/{course_code}/h5p/{package_id}/download	anonymous
GET	/api/v1/courses/{course_code}/h5p/{package_id}/render	anonymous
PUT	/api/v1/courses/{course_code}/hero-image	session
POST	/api/v1/courses/{course_code}/import	session
POST	/api/v1/courses/{course_code}/import/canvas	anonymous
GET	/api/v1/courses/{course_code}/import/canvas/ws	anonymous
GET	/api/v1/courses/{course_code}/inclusive-access	anonymous
POST	/api/v1/courses/{course_code}/inclusive-access	anonymous
POST	/api/v1/courses/{course_code}/items/{item_id}/complete	session
DELETE	/api/v1/courses/{course_code}/items/{item_id}/completion-rule	anonymous
PUT	/api/v1/courses/{course_code}/items/{item_id}/completion-rule	anonymous
GET	/api/v1/courses/{course_code}/items/{item_id}/overrides	session
PUT	/api/v1/courses/{course_code}/items/{item_id}/overrides	session
POST	/api/v1/courses/{course_code}/items/{item_id}/overrides/bulk-extend	session
GET	/api/v1/courses/{course_code}/items/{item_id}/reading-level	anonymous
POST	/api/v1/courses/{course_code}/items/{item_id}/simplify	anonymous
GET	/api/v1/courses/{course_code}/items/{item_id}/simplify/{grade}	anonymous
GET	/api/v1/courses/{course_code}/leaderboard	anonymous
POST	/api/v1/courses/{course_code}/lesson-generator/	session
GET	/api/v1/courses/{course_code}/lesson-generator/{job_id}	session
POST	/api/v1/courses/{course_code}/lesson-generator/{job_id}/regenerate-component	session
POST	/api/v1/courses/{course_code}/lesson-generator/{job_id}/save-to-course	session
GET	/api/v1/courses/{course_code}/library-link-events	anonymous
GET	/api/v1/courses/{course_code}/library-resources/{item_id}	anonymous
PATCH	/api/v1/courses/{course_code}/library-resources/{item_id}	anonymous
POST	/api/v1/courses/{course_code}/library-resources/{item_id}/access	anonymous
GET	/api/v1/courses/{course_code}/live-quizzes/assignments	session
GET	/api/v1/courses/{course_code}/live-quizzes/assignments/{assignment_id}	session
POST	/api/v1/courses/{course_code}/live-quizzes/assignments/{assignment_id}/attempts/{attempt_id}/submit	session
POST	/api/v1/courses/{course_code}/live-quizzes/assignments/{assignment_id}/gradebook-link	session
GET	/api/v1/courses/{course_code}/live-quizzes/assignments/{assignment_id}/my-attempts	session
POST	/api/v1/courses/{course_code}/live-quizzes/assignments/{assignment_id}/start	session
GET	/api/v1/courses/{course_code}/live-quizzes/games/{game_id}	session
POST	/api/v1/courses/{course_code}/live-quizzes/games/{game_id}/end	session
POST	/api/v1/courses/{course_code}/live-quizzes/games/{game_id}/flag	session
POST	/api/v1/courses/{course_code}/live-quizzes/games/{game_id}/gradebook-link	session
DELETE	/api/v1/courses/{course_code}/live-quizzes/games/{game_id}/gradebook-link/{link_id}	session
GET	/api/v1/courses/{course_code}/live-quizzes/games/{game_id}/leaderboard	session
GET	/api/v1/courses/{course_code}/live-quizzes/games/{game_id}/my-results	session
GET	/api/v1/courses/{course_code}/live-quizzes/games/{game_id}/paced/progress	session
POST	/api/v1/courses/{course_code}/live-quizzes/games/{game_id}/paced/start	session
POST	/api/v1/courses/{course_code}/live-quizzes/games/{game_id}/players	session
POST	/api/v1/courses/{course_code}/live-quizzes/games/{game_id}/players/{player_id}/ban	session
POST	/api/v1/courses/{course_code}/live-quizzes/games/{game_id}/players/{player_id}/kick	session
POST	/api/v1/courses/{course_code}/live-quizzes/games/{game_id}/players/{player_id}/rename	session
GET	/api/v1/courses/{course_code}/live-quizzes/games/{game_id}/report	session
GET	/api/v1/courses/{course_code}/live-quizzes/games/{game_id}/report/export	session
POST	/api/v1/courses/{course_code}/live-quizzes/games/{game_id}/report/rebuild	session
GET	/api/v1/courses/{course_code}/live-quizzes/games/{game_id}/responses/{player_id}	session
PATCH	/api/v1/courses/{course_code}/live-quizzes/games/{game_id}/safety	session
GET	/api/v1/courses/{course_code}/live-quizzes/games/{game_id}/safety-events	session
GET	/api/v1/courses/{course_code}/live-quizzes/games/{game_id}/teams	session
POST	/api/v1/courses/{course_code}/live-quizzes/games/{game_id}/teams	session
POST	/api/v1/courses/{course_code}/live-quizzes/games/{game_id}/teams/assign	session
GET	/api/v1/courses/{course_code}/live-quizzes/games/{game_id}/ws	anonymous
GET	/api/v1/courses/{course_code}/live-quizzes/kits	session
POST	/api/v1/courses/{course_code}/live-quizzes/kits	session
GET	/api/v1/courses/{course_code}/live-quizzes/kits/{kit_id}	session
PATCH	/api/v1/courses/{course_code}/live-quizzes/kits/{kit_id}	session
POST	/api/v1/courses/{course_code}/live-quizzes/kits/{kit_id}/archive	session
POST	/api/v1/courses/{course_code}/live-quizzes/kits/{kit_id}/assignments	session
POST	/api/v1/courses/{course_code}/live-quizzes/kits/{kit_id}/duplicate	session
POST	/api/v1/courses/{course_code}/live-quizzes/kits/{kit_id}/games	session
POST	/api/v1/courses/{course_code}/live-quizzes/kits/{kit_id}/generate	session
GET	/api/v1/courses/{course_code}/live-quizzes/kits/{kit_id}/generate/{job_id}	session
POST	/api/v1/courses/{course_code}/live-quizzes/kits/{kit_id}/generate/{job_id}/cancel	session
GET	/api/v1/courses/{course_code}/live-quizzes/kits/{kit_id}/questions	session
POST	/api/v1/courses/{course_code}/live-quizzes/kits/{kit_id}/questions	session
GET	/api/v1/courses/{course_code}/live-quizzes/kits/{kit_id}/questions/bank-candidates	session
POST	/api/v1/courses/{course_code}/live-quizzes/kits/{kit_id}/questions/import-bank	session
POST	/api/v1/courses/{course_code}/live-quizzes/kits/{kit_id}/questions/reorder	session
DELETE	/api/v1/courses/{course_code}/live-quizzes/kits/{kit_id}/questions/{qid}	session
PATCH	/api/v1/courses/{course_code}/live-quizzes/kits/{kit_id}/questions/{qid}	session
POST	/api/v1/courses/{course_code}/live-quizzes/kits/{kit_id}/questions/{qid}/duplicate	session
POST	/api/v1/courses/{course_code}/live-quizzes/kits/{kit_id}/questions/{qid}/push-to-bank	session
POST	/api/v1/courses/{course_code}/live-quizzes/kits/{kit_id}/questions/{qid}/regenerate	session
POST	/api/v1/courses/{course_code}/live-quizzes/kits/{kit_id}/restore	session
POST	/api/v1/courses/{course_code}/live-quizzes/kits/{kit_id}/save-as-template	session
GET	/api/v1/courses/{course_code}/live-quizzes/kits/{kit_id}/shares	session
POST	/api/v1/courses/{course_code}/live-quizzes/kits/{kit_id}/shares	session
DELETE	/api/v1/courses/{course_code}/live-quizzes/kits/{kit_id}/shares/{share_id}	session
POST	/api/v1/courses/{course_code}/live-quizzes/kits/{kit_id}/submit-to-catalog	session
GET	/api/v1/courses/{course_code}/live-quizzes/kits/{kit_id}/validate	session
GET	/api/v1/courses/{course_code}/lti-external-tools	session
PATCH	/api/v1/courses/{course_code}/markdown-theme	session
PATCH	/api/v1/courses/{course_code}/me/content-locale	anonymous
GET	/api/v1/courses/{course_code}/meetings	session
POST	/api/v1/courses/{course_code}/meetings	session
POST	/api/v1/courses/{course_code}/modules-ai/chat	session
GET	/api/v1/courses/{course_code}/modules/progress	anonymous
GET	/api/v1/courses/{course_code}/my-grades	session
GET	/api/v1/courses/{course_code}/my-groups	session
GET	/api/v1/courses/{course_code}/my-progress	session
GET	/api/v1/courses/{course_code}/outcomes	session
POST	/api/v1/courses/{course_code}/outcomes	session
POST	/api/v1/courses/{course_code}/outcomes/extract-from-syllabus	session
DELETE	/api/v1/courses/{course_code}/outcomes/{outcome_id}	session
PATCH	/api/v1/courses/{course_code}/outcomes/{outcome_id}	session
POST	/api/v1/courses/{course_code}/outcomes/{outcome_id}/links	session
DELETE	/api/v1/courses/{course_code}/outcomes/{outcome_id}/links/{link_id}	session
PUT	/api/v1/courses/{course_code}/outcomes/{outcome_id}/notes	anonymous
POST	/api/v1/courses/{course_code}/outcomes/{outcome_id}/sub-outcomes	session
GET	/api/v1/courses/{course_code}/plagiarism-settings	anonymous
PATCH	/api/v1/courses/{course_code}/plagiarism-settings	anonymous
GET	/api/v1/courses/{course_code}/questions	session
GET	/api/v1/courses/{course_code}/questions/{question_id}	session
GET	/api/v1/courses/{course_code}/quizzes/{item_id}	session
PATCH	/api/v1/courses/{course_code}/quizzes/{item_id}	session
GET	/api/v1/courses/{course_code}/quizzes/{item_id}/analytics	session
GET	/api/v1/courses/{course_code}/quizzes/{item_id}/attempts	session
POST	/api/v1/courses/{course_code}/quizzes/{item_id}/attempts/{attempt_id}/advance	session
GET	/api/v1/courses/{course_code}/quizzes/{item_id}/attempts/{attempt_id}/current-question	session
POST	/api/v1/courses/{course_code}/quizzes/{item_id}/attempts/{attempt_id}/focus-loss	session
GET	/api/v1/courses/{course_code}/quizzes/{item_id}/attempts/{attempt_id}/focus-loss-events	session
GET	/api/v1/courses/{course_code}/quizzes/{item_id}/attempts/{attempt_id}/grading	session
PUT	/api/v1/courses/{course_code}/quizzes/{item_id}/attempts/{attempt_id}/grading	session
GET	/api/v1/courses/{course_code}/quizzes/{item_id}/attempts/{attempt_id}/proctoring-session	anonymous
POST	/api/v1/courses/{course_code}/quizzes/{item_id}/attempts/{attempt_id}/questions/{question_id}/run	session
POST	/api/v1/courses/{course_code}/quizzes/{item_id}/attempts/{attempt_id}/sync-canvas	anonymous
POST	/api/v1/courses/{course_code}/quizzes/{item_id}/build-intro-with-ai	session
POST	/api/v1/courses/{course_code}/quizzes/{item_id}/curve	anonymous
POST	/api/v1/courses/{course_code}/quizzes/{item_id}/curve/preview	anonymous
POST	/api/v1/courses/{course_code}/quizzes/{item_id}/generate-questions	session
DELETE	/api/v1/courses/{course_code}/quizzes/{item_id}/grader-agent	anonymous
GET	/api/v1/courses/{course_code}/quizzes/{item_id}/grader-agent	anonymous
PUT	/api/v1/courses/{course_code}/quizzes/{item_id}/grader-agent	anonymous
POST	/api/v1/courses/{course_code}/quizzes/{item_id}/grader-agent/ai-build	anonymous
POST	/api/v1/courses/{course_code}/quizzes/{item_id}/import-questions-markdown	session
GET	/api/v1/courses/{course_code}/quizzes/{item_id}/item-analysis	session
POST	/api/v1/courses/{course_code}/quizzes/{item_id}/item-analysis/compute	session
GET	/api/v1/courses/{course_code}/quizzes/{item_id}/item-analysis/export.csv	session
GET	/api/v1/courses/{course_code}/quizzes/{item_id}/markups	anonymous
POST	/api/v1/courses/{course_code}/quizzes/{item_id}/markups	anonymous
DELETE	/api/v1/courses/{course_code}/quizzes/{item_id}/markups/{markup_id}	anonymous
DELETE	/api/v1/courses/{course_code}/quizzes/{item_id}/proctoring-config	anonymous
GET	/api/v1/courses/{course_code}/quizzes/{item_id}/proctoring-config	anonymous
POST	/api/v1/courses/{course_code}/quizzes/{item_id}/proctoring-config	anonymous
GET	/api/v1/courses/{course_code}/quizzes/{item_id}/results	session
POST	/api/v1/courses/{course_code}/quizzes/{item_id}/start	session
POST	/api/v1/courses/{course_code}/quizzes/{item_id}/submit	session
POST	/api/v1/courses/{course_code}/quizzes/{item_id}/suggest-outcome-links	session
GET	/api/v1/courses/{course_code}/report-cards/{period}	session
POST	/api/v1/courses/{course_code}/report-cards/{period}/release	session
GET	/api/v1/courses/{course_code}/reports/{report_type}/export.pdf	session
GET	/api/v1/courses/{course_code}/requirements/report	anonymous
GET	/api/v1/courses/{course_code}/reviews	anonymous
POST	/api/v1/courses/{course_code}/reviews	anonymous
GET	/api/v1/courses/{course_code}/reviews/eligibility	anonymous
POST	/api/v1/courses/{course_code}/reviews/{review_id}/flag	anonymous
POST	/api/v1/courses/{course_code}/reviews/{review_id}/response	anonymous
GET	/api/v1/courses/{course_code}/sbg/heatmap/{period}	session
GET	/api/v1/courses/{course_code}/sbg/standards	session
GET	/api/v1/courses/{course_code}/scorm-items/{item_id}	anonymous
GET	/api/v1/courses/{course_code}/scorm/{package_id}/assets/*	anonymous
GET	/api/v1/courses/{course_code}/scorm/{package_id}/download	anonymous
GET	/api/v1/courses/{course_code}/scorm/{package_id}/render	anonymous
POST	/api/v1/courses/{course_code}/scorm/{sco_id}/launch	anonymous
POST	/api/v1/courses/{course_code}/screen-share/sessions	session
GET	/api/v1/courses/{course_code}/screen-share/sessions/{session_id}	session
POST	/api/v1/courses/{course_code}/screen-share/sessions/{session_id}/end	session
POST	/api/v1/courses/{course_code}/screen-share/sessions/{session_id}/presenter	session
POST	/api/v1/courses/{course_code}/screen-share/sessions/{session_id}/turn	session
GET	/api/v1/courses/{course_code}/screen-share/sessions/{session_id}/ws	anonymous
GET	/api/v1/courses/{course_code}/seat-time-report	session
GET	/api/v1/courses/{course_code}/sections	session
POST	/api/v1/courses/{course_code}/sections	session
DELETE	/api/v1/courses/{course_code}/sections/{section_id}	session
PATCH	/api/v1/courses/{course_code}/sections/{section_id}	session
POST	/api/v1/courses/{course_code}/self-enroll	anonymous
GET	/api/v1/courses/{course_code}/storage-usage	anonymous
GET	/api/v1/courses/{course_code}/structure	session
GET	/api/v1/courses/{course_code}/structure/archived	session
DELETE	/api/v1/courses/{course_code}/structure/items/{item_id}	session
PATCH	/api/v1/courses/{course_code}/structure/items/{item_id}	session
PATCH	/api/v1/courses/{course_code}/structure/items/{item_id}/assignment-group	session
PATCH	/api/v1/courses/{course_code}/structure/items/{item_id}/due-at	session
GET	/api/v1/courses/{course_code}/structure/items/{item_id}/path-rules	session
POST	/api/v1/courses/{course_code}/structure/items/{item_id}/path-rules	session
DELETE	/api/v1/courses/{course_code}/structure/items/{item_id}/path-rules/{rule_id}	session
POST	/api/v1/courses/{course_code}/structure/modules	session
DELETE	/api/v1/courses/{course_code}/structure/modules/{module_id}	session
PATCH	/api/v1/courses/{course_code}/structure/modules/{module_id}	session
POST	/api/v1/courses/{course_code}/structure/modules/{module_id}/assignments	session
POST	/api/v1/courses/{course_code}/structure/modules/{module_id}/content-pages	session
GET	/api/v1/courses/{course_code}/structure/modules/{module_id}/delete-preview	session
POST	/api/v1/courses/{course_code}/structure/modules/{module_id}/external-links	session
POST	/api/v1/courses/{course_code}/structure/modules/{module_id}/h5p	session
POST	/api/v1/courses/{course_code}/structure/modules/{module_id}/headings	session
POST	/api/v1/courses/{course_code}/structure/modules/{module_id}/library-resources	anonymous
POST	/api/v1/courses/{course_code}/structure/modules/{module_id}/lti-links	session
POST	/api/v1/courses/{course_code}/structure/modules/{module_id}/oer-import	anonymous
POST	/api/v1/courses/{course_code}/structure/modules/{module_id}/quizzes	session
GET	/api/v1/courses/{course_code}/structure/modules/{module_id}/requirements	anonymous
PUT	/api/v1/courses/{course_code}/structure/modules/{module_id}/requirements	anonymous
POST	/api/v1/courses/{course_code}/structure/modules/{module_id}/scorm	session
POST	/api/v1/courses/{course_code}/structure/modules/{module_id}/textbook-resources	anonymous
POST	/api/v1/courses/{course_code}/structure/modules/{module_id}/unlock-override	anonymous
POST	/api/v1/courses/{course_code}/structure/modules/{module_id}/vibe-activities	session
POST	/api/v1/courses/{course_code}/structure/reorder	session
GET	/api/v1/courses/{course_code}/structure/ws	anonymous
DELETE	/api/v1/courses/{course_code}/study-buddy/memory	anonymous
GET	/api/v1/courses/{course_code}/study-buddy/memory	anonymous
POST	/api/v1/courses/{course_code}/study-buddy/message	anonymous
GET	/api/v1/courses/{course_code}/study-buddy/prompts	anonymous
GET	/api/v1/courses/{course_code}/surveys	session
POST	/api/v1/courses/{course_code}/surveys	session
GET	/api/v1/courses/{course_code}/syllabus/	session
PATCH	/api/v1/courses/{course_code}/syllabus/	session
POST	/api/v1/courses/{course_code}/syllabus/accept	session
GET	/api/v1/courses/{course_code}/syllabus/acceptance-status	session
POST	/api/v1/courses/{course_code}/syllabus/generate-section	session
GET	/api/v1/courses/{course_code}/syllabus/markups	session
POST	/api/v1/courses/{course_code}/syllabus/markups	session
DELETE	/api/v1/courses/{course_code}/syllabus/markups/{markup_id}	session
GET	/api/v1/courses/{course_code}/textbook-launch-events	anonymous
GET	/api/v1/courses/{course_code}/textbook-resources/{item_id}	anonymous
PATCH	/api/v1/courses/{course_code}/textbook-resources/{item_id}	anonymous
POST	/api/v1/courses/{course_code}/textbook-resources/{item_id}/access	anonymous
GET	/api/v1/courses/{course_code}/translation-coverage	anonymous
GET	/api/v1/courses/{course_code}/translations	anonymous
PUT	/api/v1/courses/{course_code}/translations/{item_id}	anonymous
POST	/api/v1/courses/{course_code}/translations/{item_id}/ai-draft	anonymous
POST	/api/v1/courses/{course_code}/translations/{item_id}/publish	anonymous
GET	/api/v1/courses/{course_code}/tutor/concept-confusion	anonymous
DELETE	/api/v1/courses/{course_code}/tutor/conversation	session
GET	/api/v1/courses/{course_code}/tutor/conversation	session
POST	/api/v1/courses/{course_code}/tutor/message	anonymous
GET	/api/v1/courses/{course_code}/tutor/sessions	anonymous
POST	/api/v1/courses/{course_code}/tutor/sessions	anonymous
DELETE	/api/v1/courses/{course_code}/tutor/sessions/{session_id}	anonymous
GET	/api/v1/courses/{course_code}/tutor/sessions/{session_id}	anonymous
POST	/api/v1/courses/{course_code}/tutor/sessions/{session_id}/messages	anonymous
POST	/api/v1/courses/{course_code}/vibe-activities/generate	session
GET	/api/v1/courses/{course_code}/vibe-activities/{item_id}	session
PATCH	/api/v1/courses/{course_code}/vibe-activities/{item_id}	session
GET	/api/v1/courses/{course_code}/whiteboards	session
POST	/api/v1/courses/{course_code}/whiteboards	session
DELETE	/api/v1/courses/{course_code}/whiteboards/{board_id}	session
GET	/api/v1/courses/{course_code}/whiteboards/{board_id}	session
PUT	/api/v1/courses/{course_code}/whiteboards/{board_id}	session
GET	/api/v1/creator/affiliate-codes	session
POST	/api/v1/creator/affiliate-codes	session
POST	/api/v1/creator/connect/onboarding	session
GET	/api/v1/creator/connect/status	session
GET	/api/v1/creator/earnings	session
GET	/api/v1/creator/earnings/ledger	session
GET	/api/v1/creator/learning-paths	anonymous
POST	/api/v1/creator/learning-paths	anonymous
DELETE	/api/v1/creator/learning-paths/{id}	anonymous
PATCH	/api/v1/creator/learning-paths/{id}	anonymous
GET	/api/v1/credentials/{id}/badge-export	session
GET	/api/v1/credentials/{id}/badge-export/download	anonymous
GET	/api/v1/credentials/{id}/download	session
GET	/api/v1/credentials/{id}/json	session
GET	/api/v1/credentials/{id}/linkedin-params	session
POST	/api/v1/credentials/{id}/share	session
GET	/api/v1/credentials/{id}/verify	anonymous
DELETE	/api/v1/curves/{curve_id}	anonymous
GET	/api/v1/developer/apps	anonymous
POST	/api/v1/developer/apps	anonymous
GET	/api/v1/developer/tools	anonymous
POST	/api/v1/developer/tools	anonymous
POST	/api/v1/developer/tools/{tool_id}/access-grants	anonymous
GET	/api/v1/developer/tools/{tool_id}/analytics	anonymous
POST	/api/v1/developer/tools/{tool_id}/releases	anonymous
POST	/api/v1/developer/tools/{tool_id}/releases/{version}/submit	anonymous
POST	/api/v1/developer/tools/{tool_id}/sunset	anonymous
POST	/api/v1/diagnostic-attempts/{attemptID}/respond	session
GET	/api/v1/enrollments/{enrollmentID}/accommodation-summary	session
GET	/api/v1/enrollments/{enrollmentID}/diagnostic	session
POST	/api/v1/enrollments/{enrollmentID}/diagnostic/bypass	session
POST	/api/v1/enrollments/{enrollmentID}/diagnostic/start	session
PATCH	/api/v1/enrollments/{enrollment_id}/section	session
POST	/api/v1/feedback	anonymous
GET	/api/v1/files/{object_id}/captions	session
POST	/api/v1/files/{object_id}/captions/import	session
POST	/api/v1/files/{object_id}/captions/retrigger	session
DELETE	/api/v1/files/{object_id}/captions/{caption_id}	session
PATCH	/api/v1/files/{object_id}/captions/{caption_id}	session
PUT	/api/v1/files/{object_id}/captions/{caption_id}	session
GET	/api/v1/files/{object_id}/captions/{caption_id}/export	session
GET	/api/v1/files/{object_id}/captions/{caption_id}/vtt	session
POST	/api/v1/files/{object_id}/license	session
GET	/api/v1/files/{object_id}/scan-status	anonymous
GET	/api/v1/files/{object_id}/transcode-status	anonymous
PATCH	/api/v1/hall-passes/{passId}	anonymous
GET	/api/v1/help/contextual-articles	session
GET	/api/v1/imports	session
POST	/api/v1/imports/qti	session
GET	/api/v1/imports/{job_id}/status	session
GET	/api/v1/integrations	anonymous
POST	/api/v1/integrations/canvas/courses	session
POST	/api/v1/integrations/google/import	anonymous
POST	/api/v1/integrations/transcripts/holds	anonymous
POST	/api/v1/integrations/transcripts/inbound	anonymous
DELETE	/api/v1/integrations/{id}	anonymous
GET	/api/v1/integrations/{id}/sync-status	anonymous
GET	/api/v1/internal/catalog/courses/{slug}/json-ld	anonymous
GET	/api/v1/internal/compliance/data-residency/access-log	anonymous
GET	/api/v1/internal/compliance/data-residency/org/{orgId}	anonymous
GET	/api/v1/internal/compliance/soc2/access-reviews	anonymous
POST	/api/v1/internal/compliance/soc2/access-reviews	anonymous
GET	/api/v1/internal/compliance/soc2/evidence-summary	anonymous
GET	/api/v1/internal/compliance/soc2/incidents	anonymous
POST	/api/v1/internal/compliance/soc2/incidents	anonymous
GET	/api/v1/internal/compliance/soc2/incidents/{id}	anonymous
PATCH	/api/v1/internal/compliance/soc2/incidents/{id}	anonymous
GET	/api/v1/internal/compliance/soc2/vendor-risk	anonymous
POST	/api/v1/internal/compliance/soc2/vendor-risk	anonymous
GET	/api/v1/internal/entitlements/check	session
POST	/api/v1/internal/ops/alertmanager-webhook	anonymous
GET	/api/v1/internal/ops/backup-status	anonymous
GET	/api/v1/internal/ops/redaction-status	session
POST	/api/v1/internal/ops/restore-drill	anonymous
GET	/api/v1/invoices/{invoiceId}	anonymous
POST	/api/v1/learners/concepts/batch	session
GET	/api/v1/learners/{user_id}/concepts	session
GET	/api/v1/learners/{user_id}/concepts/{concept_id}	session
GET	/api/v1/learners/{user_id}/concepts/{concept_id}/theta	session
GET	/api/v1/learners/{user_id}/misconception-summary	session
GET	/api/v1/learners/{user_id}/recommendations	session
POST	/api/v1/learners/{user_id}/review	session
GET	/api/v1/learners/{user_id}/review-queue	session
GET	/api/v1/learners/{user_id}/review-stats	session
POST	/api/v1/legal/acknowledge	session
GET	/api/v1/legal/pending	session
GET	/api/v1/library/search	anonymous
GET	/api/v1/live-quizzes/join/{code}	anonymous
POST	/api/v1/live-quizzes/join/{code}/players	anonymous
GET	/api/v1/live-quizzes/library	session
POST	/api/v1/live-quizzes/library/{kit_id}/import	session
GET	/api/v1/live-quizzes/library/{kit_id}/preview	session
GET	/api/v1/live-quizzes/templates	session
POST	/api/v1/live-quizzes/templates/{id}/create-kit	session
GET	/api/v1/lti/callback	anonymous
GET	/api/v1/lti/consumer/frame	anonymous
GET	/api/v1/lti/consumer/target	anonymous
POST	/api/v1/lti/deep-link	anonymous
POST	/api/v1/lti/launch/{registration_id}	anonymous
GET	/api/v1/lti/provider/jwks	anonymous
POST	/api/v1/lti/provider/launch	anonymous
POST	/api/v1/lti/provider/login	anonymous
GET	/api/v1/lti/provider/nrps/memberships	anonymous
POST	/api/v1/lti/scores	anonymous
GET	/api/v1/marketplace/apps	anonymous
GET	/api/v1/marketplace/apps/{slug}	anonymous
GET	/api/v1/marketplace/categories	session
GET	/api/v1/marketplace/courses	session
GET	/api/v1/marketplace/courses/{slug}	session
POST	/api/v1/marketplace/courses/{slug}/checkout	session
POST	/api/v1/marketplace/courses/{slug}/claim	session
GET	/api/v1/me	session
GET	/api/v1/me/access-keys	session
POST	/api/v1/me/access-keys	session
GET	/api/v1/me/access-keys/scopes	session
DELETE	/api/v1/me/access-keys/{id}	session
POST	/api/v1/me/access-keys/{id}/rotate	session
GET	/api/v1/me/accommodation-profiles	anonymous
GET	/api/v1/me/accommodations	session
GET	/api/v1/me/admin-console-capabilities	session
GET	/api/v1/me/advising-notes	anonymous
GET	/api/v1/me/advising/config	anonymous
GET	/api/v1/me/appointments	session
GET	/api/v1/me/badge-profile	anonymous
PATCH	/api/v1/me/badge-profile	anonymous
GET	/api/v1/me/badges	anonymous
GET	/api/v1/me/bot-link/discord/callback	anonymous
GET	/api/v1/me/bot-link/slack/callback	anonymous
DELETE	/api/v1/me/bot-link/{platform}	anonymous
POST	/api/v1/me/bot-link/{platform}	anonymous
GET	/api/v1/me/bot-links	anonymous
GET	/api/v1/me/broadcasts	anonymous
GET	/api/v1/me/calendar-token	session
POST	/api/v1/me/calendar-token	session
GET	/api/v1/me/calendar.ics	anonymous
GET	/api/v1/me/ccr	session
POST	/api/v1/me/ccr/generate	session
GET	/api/v1/me/ccr/{id}/download	session
GET	/api/v1/me/ce-transcript	session
GET	/api/v1/me/coaching-tips	anonymous
POST	/api/v1/me/coaching-tips/{id}/rating	anonymous
GET	/api/v1/me/competency-badges	anonymous
PATCH	/api/v1/me/competency-badges/{awardedId}	anonymous
GET	/api/v1/me/consent-studies	anonymous
GET	/api/v1/me/consent-studies/history	anonymous
POST	/api/v1/me/consent-studies/{id}/respond	anonymous
GET	/api/v1/me/consortium-branding	anonymous
GET	/api/v1/me/credentials	session
GET	/api/v1/me/degree-progress	anonymous
GET	/api/v1/me/demographics	anonymous
PATCH	/api/v1/me/demographics	anonymous
GET	/api/v1/me/device-tokens	session
POST	/api/v1/me/device-tokens	session
DELETE	/api/v1/me/device-tokens/{id}	session
GET	/api/v1/me/diplomas	anonymous
GET	/api/v1/me/diplomas/{id}/download	anonymous
GET	/api/v1/me/enrollments	session
GET	/api/v1/me/entitlements	session
GET	/api/v1/me/gamification	anonymous
POST	/api/v1/me/gamification/freeze-streak	anonymous
GET	/api/v1/me/goals	session
PATCH	/api/v1/me/goals	session
GET	/api/v1/me/integrations/mcp	session
GET	/api/v1/me/intro-course	session
PUT	/api/v1/me/intro-course/celebration-seen	session
PUT	/api/v1/me/intro-course/welcome-banner-dismissed	session
GET	/api/v1/me/learner-profile	anonymous
GET	/api/v1/me/learner-profile/export	anonymous
GET	/api/v1/me/learner-profile/facets/{facetKey}	anonymous
GET	/api/v1/me/learner-profile/facets/{facetKey}/evidence	anonymous
POST	/api/v1/me/learner-profile/pause	anonymous
POST	/api/v1/me/learner-profile/reset	anonymous
POST	/api/v1/me/learner-profile/resume	anonymous
GET	/api/v1/me/mfa	anonymous
DELETE	/api/v1/me/mfa/{id}	anonymous
GET	/api/v1/me/notebook-tasks	session
POST	/api/v1/me/notebook-tasks	session
PATCH	/api/v1/me/notebook-tasks/{id}	session
GET	/api/v1/me/notebooks	session
PUT	/api/v1/me/notebooks	session
POST	/api/v1/me/notebooks/flashcards	anonymous
POST	/api/v1/me/notebooks/query	anonymous
GET	/api/v1/me/notification-preferences	session
PUT	/api/v1/me/notification-preferences	session
GET	/api/v1/me/notifications	session
POST	/api/v1/me/notifications/read-all	session
GET	/api/v1/me/notifications/sse	session
POST	/api/v1/me/notifications/{id}/read	session
GET	/api/v1/me/oidc-identities	session
DELETE	/api/v1/me/oidc-identities/{id}	session
POST	/api/v1/me/onboarding	anonymous
GET	/api/v1/me/onboarding-status	anonymous
GET	/api/v1/me/onboarding/diagnostic-questions	anonymous
GET	/api/v1/me/org-role-capabilities	session
GET	/api/v1/me/paths	anonymous
GET	/api/v1/me/paths/{id}/progress	anonymous
GET	/api/v1/me/permissions	session
GET	/api/v1/me/pinned-settings	session
PUT	/api/v1/me/pinned-settings/{surface}	session
GET	/api/v1/me/portfolios	anonymous
POST	/api/v1/me/portfolios	anonymous
DELETE	/api/v1/me/portfolios/{pid}	anonymous
GET	/api/v1/me/portfolios/{pid}	anonymous
PATCH	/api/v1/me/portfolios/{pid}	anonymous
POST	/api/v1/me/portfolios/{pid}/artifacts	anonymous
POST	/api/v1/me/portfolios/{pid}/artifacts/upload	anonymous
DELETE	/api/v1/me/portfolios/{pid}/artifacts/{aid}	anonymous
PATCH	/api/v1/me/portfolios/{pid}/artifacts/{aid}	anonymous
GET	/api/v1/me/portfolios/{pid}/artifacts/{aid}/content	anonymous
GET	/api/v1/me/profile-fields	session
PATCH	/api/v1/me/profile-fields	anonymous
GET	/api/v1/me/purchases	session
POST	/api/v1/me/push-subscriptions	session
DELETE	/api/v1/me/push-subscriptions/{id}	session
GET	/api/v1/me/reading-log	anonymous
POST	/api/v1/me/reading-log	anonymous
GET	/api/v1/me/reading-preferences	session
PATCH	/api/v1/me/reading-preferences	session
GET	/api/v1/me/reflection-journal	anonymous
POST	/api/v1/me/reflection-journal	anonymous
DELETE	/api/v1/me/reflection-journal/{id}	anonymous
GET	/api/v1/me/reminder-config	anonymous
PATCH	/api/v1/me/reminder-config	anonymous
POST	/api/v1/me/reminder-config/pause	anonymous
GET	/api/v1/me/report-cards	session
GET	/api/v1/me/seat-time	session
DELETE	/api/v1/me/sessions	anonymous
GET	/api/v1/me/sessions	anonymous
DELETE	/api/v1/me/sessions/{id}	anonymous
GET	/api/v1/me/student-todo-board	session
PUT	/api/v1/me/student-todo-board	session
GET	/api/v1/me/study-goal	anonymous
PUT	/api/v1/me/study-goal	anonymous
GET	/api/v1/me/study-stats	anonymous
GET	/api/v1/me/token-budget	session
GET	/api/v1/me/transactions	session
GET	/api/v1/me/transcripts/inbound	anonymous
GET	/api/v1/me/wallet	session
GET	/api/v1/me/wallet/collections	session
POST	/api/v1/me/wallet/collections	session
DELETE	/api/v1/me/wallet/collections/{id}	session
GET	/api/v1/me/wallet/collections/{id}	session
PUT	/api/v1/me/wallet/collections/{id}	session
GET	/api/v1/me/wallet/collections/{id}/access	session
POST	/api/v1/me/wallet/collections/{id}/revoke	session
POST	/api/v1/me/wallet/export	session
GET	/api/v1/me/wallet/export/{id}	session
GET	/api/v1/me/wallet/export/{id}/download	session
GET	/api/v1/me/wallet/{itemId}	session
PATCH	/api/v1/meetings/{meeting_id}	anonymous
GET	/api/v1/meetings/{meeting_id}/attendance	anonymous
GET	/api/v1/meetings/{meeting_id}/ical	anonymous
GET	/api/v1/meetings/{meeting_id}/join	anonymous
GET	/api/v1/oer/providers	session
GET	/api/v1/oer/search	session
GET	/api/v1/org-units/{unitId}/attendance/dashboard	session
GET	/api/v1/orgs/{orgId}/branding	anonymous
PUT	/api/v1/orgs/{orgId}/branding	anonymous
POST	/api/v1/orgs/{orgId}/branding/favicon	anonymous
POST	/api/v1/orgs/{orgId}/branding/logo	anonymous
GET	/api/v1/orgs/{orgId}/broadcasts	anonymous
POST	/api/v1/orgs/{orgId}/broadcasts	anonymous
GET	/api/v1/orgs/{orgId}/broadcasts/{broadcastId}/delivery-report	anonymous
GET	/api/v1/orgs/{orgId}/calendar/events	session
GET	/api/v1/orgs/{orgId}/calendar/terms/{termId}/ical	session
GET	/api/v1/orgs/{orgId}/content-tool-policy	anonymous
PUT	/api/v1/orgs/{orgId}/content-tool-policy	anonymous
GET	/api/v1/orgs/{orgId}/courses	session
GET	/api/v1/orgs/{orgId}/cross-list-groups	anonymous
POST	/api/v1/orgs/{orgId}/cross-list-groups	anonymous
POST	/api/v1/orgs/{orgId}/cross-list-groups/{gid}/members	anonymous
DELETE	/api/v1/orgs/{orgId}/cross-list-groups/{gid}/members/{sid}	anonymous
GET	/api/v1/orgs/{orgId}/library	anonymous
POST	/api/v1/orgs/{orgId}/library	anonymous
DELETE	/api/v1/orgs/{orgId}/library/{bookId}	anonymous
GET	/api/v1/orgs/{orgId}/library/{bookId}	anonymous
POST	/api/v1/orgs/{orgId}/parent-assign/links/{linkId}/resend	anonymous
GET	/api/v1/orgs/{orgId}/parent-assign/students	anonymous
POST	/api/v1/orgs/{orgId}/parent-assign/students/{studentId}/guardians	anonymous
GET	/api/v1/orgs/{orgId}/parent-assign/students/{studentId}/links	anonymous
GET	/api/v1/orgs/{orgId}/parent-links	anonymous
POST	/api/v1/orgs/{orgId}/parent-links	anonymous
POST	/api/v1/orgs/{orgId}/parent-links/bulk	anonymous
DELETE	/api/v1/orgs/{orgId}/parent-links/{lid}	anonymous
GET	/api/v1/orgs/{orgId}/role-grants	anonymous
POST	/api/v1/orgs/{orgId}/role-grants	anonymous
DELETE	/api/v1/orgs/{orgId}/role-grants/{grantId}	anonymous
GET	/api/v1/orgs/{orgId}/settings/content-filter	anonymous
PATCH	/api/v1/orgs/{orgId}/settings/content-filter	anonymous
GET	/api/v1/orgs/{orgId}/settings/mobile-link-handling	anonymous
PATCH	/api/v1/orgs/{orgId}/settings/mobile-link-handling	anonymous
PUT	/api/v1/orgs/{orgId}/settings/mobile-link-handling	anonymous
GET	/api/v1/orgs/{orgId}/settings/org-type	anonymous
PUT	/api/v1/orgs/{orgId}/settings/org-type	anonymous
GET	/api/v1/orgs/{orgId}/settings/support-widget	anonymous
PUT	/api/v1/orgs/{orgId}/settings/support-widget	anonymous
GET	/api/v1/orgs/{orgId}/tax/report	anonymous
GET	/api/v1/orgs/{orgId}/tax/settings	anonymous
PUT	/api/v1/orgs/{orgId}/tax/settings	anonymous
GET	/api/v1/orgs/{orgId}/terms	anonymous
POST	/api/v1/orgs/{orgId}/terms	anonymous
POST	/api/v1/orgs/{orgId}/terms/ensure	anonymous
DELETE	/api/v1/orgs/{orgId}/terms/{tid}	anonymous
PATCH	/api/v1/orgs/{orgId}/terms/{tid}	anonymous
GET	/api/v1/orgs/{orgId}/tool-installations	anonymous
POST	/api/v1/orgs/{orgId}/tool-installations	anonymous
GET	/api/v1/orgs/{orgId}/tool-installations/preview	anonymous
DELETE	/api/v1/orgs/{orgId}/tool-installations/{id}	anonymous
PATCH	/api/v1/orgs/{orgId}/tool-installations/{id}	anonymous
GET	/api/v1/orgs/{orgId}/users	anonymous
GET	/api/v1/parent/children	session
GET	/api/v1/parent/conference-teachers	anonymous
GET	/api/v1/parent/notification-prefs	session
PATCH	/api/v1/parent/notification-prefs	session
GET	/api/v1/parent/students/{sid}/assignments	session
GET	/api/v1/parent/students/{sid}/attendance	session
GET	/api/v1/parent/students/{sid}/attendance-summary	session
GET	/api/v1/parent/students/{sid}/behavior	session
GET	/api/v1/parent/students/{sid}/courses	session
GET	/api/v1/parent/students/{sid}/grades	session
GET	/api/v1/parent/students/{sid}/learner-profile	anonymous
GET	/api/v1/parent/students/{sid}/learner-profile/export	anonymous
POST	/api/v1/parent/students/{sid}/learner-profile/pause	anonymous
POST	/api/v1/parent/students/{sid}/learner-profile/reset	anonymous
POST	/api/v1/parent/students/{sid}/learner-profile/resume	anonymous
GET	/api/v1/parent/students/{sid}/report-cards	session
POST	/api/v1/parent/transcripts/orders/{id}/consent	anonymous
GET	/api/v1/parent/weekly-summary	session
POST	/api/v1/paths/{id}/enroll	anonymous
POST	/api/v1/pbis/awards	session
GET	/api/v1/peer-review/allocations/{allocation_id}	anonymous
POST	/api/v1/peer-review/allocations/{allocation_id}	anonymous
GET	/api/v1/peer-review/assigned	anonymous
GET	/api/v1/platform/features	session
POST	/api/v1/portfolios/{pid}/artifacts/{aid}/evaluate	anonymous
GET	/api/v1/portfolios/{slug}	anonymous
GET	/api/v1/public/ai-disclosure	anonymous
GET	/api/v1/public/badges/{handle}	anonymous
GET	/api/v1/public/badges/{handle}/{badgeSlug}	anonymous
GET	/api/v1/public/branding/resolve	anonymous
GET	/api/v1/public/catalog/categories	anonymous
GET	/api/v1/public/catalog/courses	anonymous
GET	/api/v1/public/catalog/courses/{slug}	anonymous
GET	/api/v1/public/catalog/courses/{slug}/reviews	anonymous
POST	/api/v1/public/institution-inquiries	anonymous
GET	/api/v1/public/locale-defaults	anonymous
GET	/api/v1/public/marketplace/categories	anonymous
GET	/api/v1/public/marketplace/courses	anonymous
GET	/api/v1/public/marketplace/courses/{slug}	anonymous
GET	/api/v1/public/marketplace/courses/{slug}/reviews	anonymous
POST	/api/v1/public/onboarding/track	anonymous
GET	/api/v1/public/org-branding/{orgId}/{asset}	anonymous
GET	/api/v1/public/orgs/by-slug/{slug}	anonymous
GET	/api/v1/push/vapid-public-key	anonymous
GET	/api/v1/r/t/{token}	anonymous
GET	/api/v1/r/t/{token}/download	anonymous
POST	/api/v1/recommendations/event	session
PATCH	/api/v1/report-cards/{cardId}	session
POST	/api/v1/report-cards/{cardId}/generate-pdf	session
GET	/api/v1/report-cards/{cardId}/pdf	session
GET	/api/v1/reports/caption-coverage	session
GET	/api/v1/reports/learning-activity	session
GET	/api/v1/reports/learning-activity/export.pdf	session
GET	/api/v1/reports/schedules	session
POST	/api/v1/reports/schedules	session
DELETE	/api/v1/reports/schedules/{id}	session
PUT	/api/v1/reports/schedules/{id}	session
POST	/api/v1/sbg/mastery-scores	session
POST	/api/v1/scorm/rte/{registration_id}/commit	anonymous
GET	/api/v1/search	session
GET	/api/v1/search/query	session
POST	/api/v1/seat-time/heartbeat	session
GET	/api/v1/sections/{sectionId}/attendance/{date}	session
PUT	/api/v1/sections/{sectionId}/attendance/{date}	session
POST	/api/v1/sections/{sectionId}/hall-passes	anonymous
GET	/api/v1/sections/{sectionId}/hall-passes/active	anonymous
PUT	/api/v1/sections/{section_id}/overrides/{item_id}	session
DELETE	/api/v1/settings/account	session
GET	/api/v1/settings/account	session
PATCH	/api/v1/settings/account	session
GET	/api/v1/settings/ai	session
PUT	/api/v1/settings/ai	session
GET	/api/v1/settings/ai-disclosure/acknowledgements	anonymous
POST	/api/v1/settings/ai-disclosure/acknowledgements	anonymous
GET	/api/v1/settings/ai-opt-out	anonymous
PUT	/api/v1/settings/ai-opt-out	anonymous
GET	/api/v1/settings/ai-tutor-opt-out	anonymous
PUT	/api/v1/settings/ai-tutor-opt-out	anonymous
GET	/api/v1/settings/ai/models	session
GET	/api/v1/settings/ai/providers	anonymous
PUT	/api/v1/settings/ai/providers	anonymous
DELETE	/api/v1/settings/ai/providers/{provider}	anonymous
PUT	/api/v1/settings/ai/providers/{provider}	anonymous
GET	/api/v1/settings/ai/reports	session
GET	/api/v1/settings/archived-courses	session
DELETE	/api/v1/settings/archived-courses/{course_code}	session
POST	/api/v1/settings/archived-courses/{course_code}/restore	session
GET	/api/v1/settings/locale	session
PUT	/api/v1/settings/locale	session
GET	/api/v1/settings/permissions	session
POST	/api/v1/settings/permissions	session
DELETE	/api/v1/settings/permissions/{id}	session
PATCH	/api/v1/settings/permissions/{id}	session
GET	/api/v1/settings/platform	session
PUT	/api/v1/settings/platform	session
GET	/api/v1/settings/platform/email-templates	anonymous
GET	/api/v1/settings/platform/email-templates/{slotId}	anonymous
PUT	/api/v1/settings/platform/email-templates/{slotId}	anonymous
GET	/api/v1/settings/platform/email-templates/{slotId}/history	anonymous
POST	/api/v1/settings/platform/email-templates/{slotId}/preview	anonymous
POST	/api/v1/settings/platform/email-templates/{slotId}/reset	anonymous
POST	/api/v1/settings/platform/email-templates/{slotId}/restore	anonymous
POST	/api/v1/settings/platform/email-templates/{slotId}/test	anonymous
GET	/api/v1/settings/roles	session
POST	/api/v1/settings/roles	session
DELETE	/api/v1/settings/roles/{id}	session
PATCH	/api/v1/settings/roles/{id}	session
PUT	/api/v1/settings/roles/{id}/permissions	session
GET	/api/v1/settings/roles/{id}/users	session
POST	/api/v1/settings/roles/{id}/users	session
GET	/api/v1/settings/roles/{id}/users/eligible	session
DELETE	/api/v1/settings/roles/{id}/users/{userId}	session
GET	/api/v1/settings/system-prompts	session
PUT	/api/v1/settings/system-prompts/{key}	session
GET	/api/v1/settings/timezone	session
PUT	/api/v1/settings/timezone	session
DELETE	/api/v1/slots/{slot_id}/book	anonymous
POST	/api/v1/slots/{slot_id}/book	anonymous
GET	/api/v1/slots/{slot_id}/ical	anonymous
GET	/api/v1/standards	session
GET	/api/v1/standards/search	session
GET	/api/v1/standards/{id}	session
GET	/api/v1/status-summary	anonymous
GET	/api/v1/status/banner	anonymous
GET	/api/v1/status/banner/ws	anonymous
POST	/api/v1/stt/transcribe	anonymous
GET	/api/v1/students/{studentId}/attendance	session
GET	/api/v1/students/{studentId}/behavior	session
GET	/api/v1/students/{studentId}/sbg/{period}	session
GET	/api/v1/surveys/{id}	session
PUT	/api/v1/surveys/{id}	session
POST	/api/v1/surveys/{id}/respond	session
GET	/api/v1/surveys/{id}/results	session
POST	/api/v1/teachers/{teacherId}/conference-availability	anonymous
GET	/api/v1/teachers/{teacherId}/conference-slots	anonymous
GET	/api/v1/timezones	anonymous
GET	/api/v1/tool-marketplace/tools	anonymous
GET	/api/v1/tool-marketplace/tools/{tool_id}	anonymous
GET	/api/v1/transcripts/config	anonymous
GET	/api/v1/transcripts/documents	anonymous
POST	/api/v1/transcripts/documents	anonymous
GET	/api/v1/transcripts/documents/{id}	anonymous
PATCH	/api/v1/transcripts/documents/{id}/disclosure	anonymous
GET	/api/v1/transcripts/documents/{id}/download	anonymous
GET	/api/v1/transcripts/orders	anonymous
POST	/api/v1/transcripts/orders	anonymous
GET	/api/v1/transcripts/orders/{id}	anonymous
POST	/api/v1/transcripts/orders/{id}/cancel	anonymous
POST	/api/v1/transcripts/orders/{id}/checkout	anonymous
POST	/api/v1/transcripts/orders/{id}/consent	anonymous
GET	/api/v1/transcripts/orders/{id}/consent/export	anonymous
GET	/api/v1/transcripts/orders/{id}/consent/preview	anonymous
POST	/api/v1/transcripts/orders/{id}/consent/revoke	anonymous
POST	/api/v1/transcripts/orders/{id}/items	anonymous
DELETE	/api/v1/transcripts/orders/{id}/items/{itemId}	anonymous
GET	/api/v1/transcripts/orders/{id}/items/{itemId}/receipts	anonymous
POST	/api/v1/transcripts/orders/{id}/items/{itemId}/resend	anonymous
GET	/api/v1/transcripts/orders/{id}/quote	anonymous
GET	/api/v1/transcripts/orders/{id}/receipt	anonymous
POST	/api/v1/transcripts/orders/{id}/submit	anonymous
GET	/api/v1/transcripts/orders/{id}/timeline	anonymous
GET	/api/v1/transcripts/preview	anonymous
GET	/api/v1/transcripts/recipients	anonymous
GET	/api/v1/transcripts/requests	anonymous
POST	/api/v1/transcripts/requests	anonymous
POST	/api/v1/translate	session
GET	/api/v1/translation-memory	anonymous
GET	/api/v1/trust/iso	anonymous
GET	/api/v1/trust/security	anonymous
POST	/api/v1/trust/sub-processor-updates/subscribe	anonymous
POST	/api/v1/tts/synthesize	anonymous
POST	/api/v1/tus/files	session
DELETE	/api/v1/tus/files/{upload_id}	session
HEAD	/api/v1/tus/files/{upload_id}	session
PATCH	/api/v1/tus/files/{upload_id}	session
GET	/api/v1/users	session
POST	/api/v1/users	session
GET	/api/v1/users/{userID}/accommodations/	session
POST	/api/v1/users/{userID}/accommodations/	session
DELETE	/api/v1/users/{userID}/accommodations/{accommodationID}	session
PUT	/api/v1/users/{userID}/accommodations/{accommodationID}	session
GET	/api/v1/users/{user_id}	session
POST	/api/v1/verify/upload	anonymous
GET	/api/v1/verify/{shareToken}	anonymous
GET	/api/v1/wallet/s/{token}	anonymous
GET	/api/v1/webhooks	anonymous
POST	/api/v1/webhooks	anonymous
GET	/api/v1/webhooks/event-types	anonymous
POST	/api/v1/webhooks/originality/{provider}	anonymous
POST	/api/v1/webhooks/proctoring-callback/{vendor}	anonymous
POST	/api/v1/webhooks/stripe	anonymous
DELETE	/api/v1/webhooks/{id}	anonymous
GET	/api/v1/webhooks/{id}	anonymous
PUT	/api/v1/webhooks/{id}	anonymous
GET	/api/v1/webhooks/{id}/deliveries	anonymous
POST	/api/v1/webhooks/{id}/test	anonymous
GET	/api/v1/ws/canvas-import/{job_id}	anonymous
GET	/api/v1/ws/canvas-submission-sync/{job_id}	anonymous
GET	/api/v1/ws/notifications	anonymous
GET	/api/v1/ws/transcode/{job_id}	anonymous
POST	/api/v1/xapi/statements	session
GET	/auth/clever/callback	anonymous
GET	/auth/clever/login	anonymous
GET	/auth/oidc/{provider}/callback	anonymous
GET	/auth/oidc/{provider}/login	anonymous
POST	/auth/saml/acs	anonymous
GET	/auth/saml/login	anonymous
GET	/auth/saml/metadata	anonymous
GET	/auth/saml/slo	anonymous
POST	/auth/saml/slo	anonymous
CONNECT	/caldav/users/{user_id}/	anonymous
DELETE	/caldav/users/{user_id}/	anonymous
GET	/caldav/users/{user_id}/	anonymous
HEAD	/caldav/users/{user_id}/	anonymous
OPTIONS	/caldav/users/{user_id}/	anonymous
PATCH	/caldav/users/{user_id}/	anonymous
POST	/caldav/users/{user_id}/	anonymous
PUT	/caldav/users/{user_id}/	anonymous
QUERY	/caldav/users/{user_id}/	anonymous
TRACE	/caldav/users/{user_id}/	anonymous
GET	/health	anonymous
GET	/health/detailed	session
GET	/health/live	anonymous
GET	/health/ready	anonymous
POST	/integrations/discord/interactions	anonymous
GET	/integrations/discord/invite	anonymous
GET	/integrations/oauth/{provider}/callback	anonymous
GET	/integrations/oauth/{provider}/connect	anonymous
POST	/integrations/slack/events	anonymous
GET	/integrations/slack/install	anonymous
GET	/integrations/slack/oauth_redirect	anonymous
POST	/integrations/teams/messages	anonymous
GET	/oauth/authorize	anonymous
POST	/oauth/revoke	anonymous
POST	/oauth/token	anonymous
GET	/oneroster/v1p2/*	anonymous
GET	/scim/v2/Groups	anonymous
POST	/scim/v2/Groups	anonymous
DELETE	/scim/v2/Groups/{id}	anonymous
GET	/scim/v2/Groups/{id}	anonymous
PATCH	/scim/v2/Groups/{id}	anonymous
PUT	/scim/v2/Groups/{id}	anonymous
GET	/scim/v2/Schemas	anonymous
GET	/scim/v2/ServiceProviderConfig	anonymous
GET	/scim/v2/Users	anonymous
POST	/scim/v2/Users	anonymous
DELETE	/scim/v2/Users/{id}	anonymous
GET	/scim/v2/Users/{id}	anonymous
PATCH	/scim/v2/Users/{id}	anonymous
PUT	/scim/v2/Users/{id}	anonymous
POST	/webhooks/paypal	anonymous
